2026-04-24 16:50:34 
 
2026-04-24 16:50:39 
 
2026-04-24 16:50:43 
 
2026-04-24 16:50:47 
 
2026-04-24 16:50:51 
 
2026-04-24 16:50:55 
 
2026-04-24 16:51:00 
 
2026-04-24 16:51:05 
 
2026-04-24 16:51:09 
 
2026-04-24 16:51:13 
 
2026-04-24 16:51:17 
 
2026-04-24 16:51:21 
 
2026-04-24 16:51:25 
 
2026-04-24 16:51:31 
 
2026-04-24 16:51:31 Found a Succesfull Long or Buy trade !!!, trade open price : 1.17223 
                       time  volume    mid_o    mid_l    mid_h    mid_c   SPREAD     PAIR
2 2026-04-24 20:49:00+00:00      38  1.17214  1.17212  1.17220  1.17220  0.00017  EUR_USD
3 2026-04-24 20:50:00+00:00      67  1.17220  1.17213  1.17220  1.17216  0.00017  EUR_USD
4 2026-04-24 20:51:00+00:00      47  1.17216  1.17216  1.17226  1.17223  0.00018  EUR_USD
2026-04-24 16:51:31 
 Trade decison: 1

2026-04-24 16:51:38 
 
2026-04-24 16:51:43 
 
2026-04-24 16:51:47 
 
2026-04-24 16:51:51 
 
2026-04-24 16:51:57 
 
2026-04-24 16:52:03 
 
2026-04-24 16:52:09 
 
2026-04-24 16:52:14 
 
2026-04-24 16:52:21 
 
2026-04-24 16:52:27 
 
2026-04-24 16:52:31 
 
2026-04-24 16:52:35 
 
2026-04-24 16:52:39 
 
2026-04-24 16:52:43 
 
2026-04-24 16:52:47 
 
2026-04-24 16:52:52 
 
2026-04-24 16:52:57 
 
2026-04-24 16:53:03 
 
2026-04-24 16:53:04 Found a Succesfull  Short or Sell trade !!!, trade open price : 1.17216 
                       time  volume    mid_o    mid_l    mid_h    mid_c   SPREAD     PAIR
2 2026-04-24 20:51:00+00:00      73  1.17216  1.17216  1.17226  1.17223  0.00018  EUR_USD
3 2026-04-24 20:52:00+00:00      39  1.17224  1.17220  1.17226  1.17221  0.00016  EUR_USD
4 2026-04-24 20:53:00+00:00      10  1.17221  1.17215  1.17222  1.17216  0.00016  EUR_USD
2026-04-24 16:53:04 
 Trade decison: -1

2026-04-24 16:53:13 
 
2026-04-24 16:53:18 
 
2026-04-24 16:53:23 
 
2026-04-24 16:53:27 
 
2026-04-24 16:53:31 
 
2026-04-24 16:53:36 
 
2026-04-24 16:53:40 
 
2026-04-24 16:53:45 
 
2026-04-24 16:53:49 
 
2026-04-24 16:53:53 
 
2026-04-24 16:53:57 
 
2026-04-24 16:54:03 
 
2026-04-24 16:54:08 
 
2026-04-24 16:54:13 
 
2026-04-24 16:54:18 
 
2026-04-24 16:54:18 Found a Succesfull Long or Buy trade !!!, trade open price : 1.17224 
                       time  volume    mid_o    mid_l    mid_h    mid_c   SPREAD     PAIR
2 2026-04-24 20:52:00+00:00      39  1.17224  1.17220  1.17226  1.17221  0.00016  EUR_USD
3 2026-04-24 20:53:00+00:00      78  1.17221  1.17208  1.17223  1.17222  0.00016  EUR_USD
4 2026-04-24 20:54:00+00:00      26  1.17222  1.17220  1.17224  1.17224  0.00017  EUR_USD
2026-04-24 16:54:18 
 Trade decison: 1

2026-04-24 16:54:25 
 
2026-04-24 16:54:29 
 
2026-04-24 16:54:33 
 
2026-04-24 16:54:37 
 
2026-04-24 16:54:43 
 
2026-04-24 16:54:49 
 
2026-04-24 16:54:54 
 
2026-04-24 16:54:58 
 
2026-04-24 16:55:10 
 
2026-04-24 16:55:15 
 
2026-04-24 16:55:20 
 
2026-04-24 16:55:24 
 
2026-04-24 16:55:29 
 
2026-04-24 16:55:33 
 
2026-04-24 16:55:34 Found a Succesfull Long or Buy trade !!!, trade open price : 1.17226 
                       time  volume    mid_o    mid_l    mid_h    mid_c   SPREAD     PAIR
2 2026-04-24 20:53:00+00:00      78  1.17221  1.17208  1.17223  1.17222  0.00016  EUR_USD
3 2026-04-24 20:54:00+00:00      45  1.17222  1.17220  1.17224  1.17223  0.00016  EUR_USD
4 2026-04-24 20:55:00+00:00      49  1.17224  1.17220  1.17226  1.17226  0.00023  EUR_USD
2026-04-24 16:55:34 
 Trade decison: 1

2026-04-24 16:55:45 
 
2026-04-24 16:55:50 
 
2026-04-24 16:55:56 
 
2026-04-24 16:56:01 
 
2026-04-24 16:56:06 
 
2026-04-24 16:56:11 
 
2026-04-24 16:56:15 
 
2026-04-24 16:56:16 Found a Succesfull Long or Buy trade !!!, trade open price : 1.17227 
                       time  volume    mid_o    mid_l    mid_h    mid_c   SPREAD     PAIR
2 2026-04-24 20:54:00+00:00      45  1.17222  1.17220  1.17224  1.17223  0.00016  EUR_USD
3 2026-04-24 20:55:00+00:00      78  1.17224  1.17218  1.17226  1.17220  0.00018  EUR_USD
4 2026-04-24 20:56:00+00:00      26  1.17220  1.17218  1.17228  1.17227  0.00016  EUR_USD
2026-04-24 16:56:16 
 Trade decison: 1

2026-04-24 16:56:23 
 
2026-04-24 16:56:27 
 
2026-04-24 16:56:31 
 
2026-04-24 16:56:35 
 
2026-04-24 16:56:40 
 
2026-04-24 16:56:44 
 
2026-04-24 16:56:50 
 
2026-04-24 16:56:54 
 
2026-04-24 16:56:58 
 
2026-04-24 16:57:03 
 
2026-04-24 16:57:08 
 
2026-04-24 16:57:12 
 
2026-04-24 16:57:16 
 
2026-04-24 16:57:20 
 
2026-04-24 16:57:24 
 
2026-04-24 16:57:29 
 
2026-04-24 16:57:29 Found a Succesfull  Short or Sell trade !!!, trade open price : 1.17216 
                       time  volume    mid_o    mid_l    mid_h    mid_c   SPREAD     PAIR
2 2026-04-24 20:55:00+00:00      78  1.17224  1.17218  1.17226  1.17220  0.00018  EUR_USD
3 2026-04-24 20:56:00+00:00      98  1.17220  1.17218  1.17233  1.17228  0.00020  EUR_USD
4 2026-04-24 20:57:00+00:00     103  1.17228  1.17216  1.17236  1.17216  0.00019  EUR_USD
2026-04-24 16:57:29 
 Trade decison: -1

2026-04-24 16:57:37 
 
2026-04-24 16:57:43 
 
2026-04-24 16:57:47 
 
2026-04-24 16:57:51 
 
2026-04-24 16:57:55 
 
2026-04-24 16:57:59 
 
2026-04-24 16:58:04 
 
2026-04-24 16:58:05 Found a Succesfull  Short or Sell trade !!!, trade open price : 1.17202 
                       time  volume    mid_o    mid_l    mid_h    mid_c   SPREAD     PAIR
2 2026-04-24 20:56:00+00:00      98  1.17220  1.17218  1.17233  1.17228  0.00020  EUR_USD
3 2026-04-24 20:57:00+00:00     180  1.17228  1.17206  1.17236  1.17210  0.00020  EUR_USD
4 2026-04-24 20:58:00+00:00      18  1.17209  1.17200  1.17211  1.17202  0.00016  EUR_USD
2026-04-24 16:58:05 
 Trade decison: -1

2026-04-24 16:58:13 
 
2026-04-24 16:58:20 
 
2026-04-24 16:58:24 
 
2026-04-24 16:58:28 
 
2026-04-24 16:58:32 
 
2026-04-24 16:58:37 
 
2026-04-24 16:58:41 
 
2026-04-24 16:58:45 
 
2026-04-24 16:58:50 
 
2026-04-24 16:58:54 
 
2026-04-24 16:58:58 
 
2026-04-24 16:59:04 
 
2026-04-24 16:59:10 
 
2026-04-24 16:59:14 
 
2026-04-24 16:59:18 
 
2026-04-24 16:59:22 
 
2026-04-24 16:59:27 
 
2026-04-24 16:59:31 
 
2026-04-24 16:59:35 
 
2026-04-24 16:59:39 
 
2026-04-24 16:59:43 
 
2026-04-24 16:59:47 
 
2026-04-24 16:59:51 
 
2026-04-24 16:59:55 
 
2026-04-24 16:59:59 
 
2026-04-24 17:00:04 
 
2026-04-24 17:00:08 
 
2026-04-24 17:00:13 
 
2026-04-24 17:00:17 
 
2026-04-24 17:00:21 
 
2026-04-24 17:00:27 
 
2026-04-24 17:00:31 
 
2026-04-24 17:00:35 
 
2026-04-24 17:00:40 
 
2026-04-24 17:00:45 
 
2026-04-24 17:00:50 
 
2026-04-24 17:00:54 
 
2026-04-24 17:00:58 
 
2026-04-24 17:01:02 
 
2026-04-24 17:01:07 
 
2026-04-24 17:01:11 
 
2026-04-24 17:01:15 
 
2026-04-24 17:01:19 
 
2026-04-24 17:01:24 
 
2026-04-24 17:01:28 
 
2026-04-24 17:01:32 
 
2026-04-24 17:01:36 
 
2026-04-24 17:01:41 
 
2026-04-24 17:01:45 
 
2026-04-24 17:01:49 
 
2026-04-24 17:01:54 
 
2026-04-24 17:01:58 
 
2026-04-24 17:02:02 
 
2026-04-24 17:02:06 
 
2026-04-24 17:02:10 
 
2026-04-24 17:02:14 
 
2026-04-24 17:02:18 
 
2026-04-24 17:02:22 
 
2026-04-24 17:02:26 
 
2026-04-24 17:02:30 
 
2026-04-24 17:02:34 
 
2026-04-24 17:02:39 
 
2026-04-24 17:02:42 
 
2026-04-24 17:02:47 
 
2026-04-24 17:02:52 
 
2026-04-24 17:02:56 
 
2026-04-24 17:03:00 
 
2026-04-24 17:03:04 
 
2026-04-24 17:03:08 
 
2026-04-24 17:03:12 
 
2026-04-24 17:03:16 
 
2026-04-24 17:03:20 
 
2026-04-24 17:03:24 
 
2026-04-24 17:03:28 
 
2026-04-24 17:03:32 
 
2026-04-24 17:03:37 
 
2026-04-24 17:03:41 
 
2026-04-24 17:03:45 
 
2026-04-24 17:03:49 
 
2026-04-24 17:03:53 
 
2026-04-24 17:03:57 
 
2026-04-24 17:04:01 
 
2026-04-24 17:04:05 
 
2026-04-24 17:04:10 
 
2026-04-24 17:04:13 
 
2026-04-24 17:04:17 
 
2026-04-24 17:04:21 
 
2026-04-24 17:04:25 
 
2026-04-24 17:04:29 
 
2026-04-24 17:04:33 
 
2026-04-24 17:04:37 
 
2026-04-24 17:04:41 
 
2026-04-24 17:04:45 
 
2026-04-24 17:04:48 
 
2026-04-24 17:04:52 
 
2026-04-24 17:04:56 
 
2026-04-24 17:05:00 
 
2026-04-24 17:05:04 
 
2026-04-24 17:05:08 
 
2026-04-24 17:05:12 
 
2026-04-24 17:05:15 
 
2026-04-24 17:05:19 
 
2026-04-24 17:05:23 
 
2026-04-24 17:05:27 
 
2026-04-24 17:05:31 
 
2026-04-24 17:05:35 
 
2026-04-24 17:05:39 
 
2026-04-24 17:05:43 
 
2026-04-24 17:05:46 
 
2026-04-24 17:05:50 
 
2026-04-24 17:05:54 
 
2026-04-24 17:05:58 
 
2026-04-24 17:06:02 
 
2026-04-24 17:06:06 
 
2026-04-24 17:06:10 
 
2026-04-24 17:06:14 
 
2026-04-24 17:06:18 
 
2026-04-24 17:06:22 
 
2026-04-24 17:06:25 
 
2026-04-24 17:06:29 
 
2026-04-24 17:06:33 
 
2026-04-24 17:06:37 
 
2026-04-24 17:06:41 
 
2026-04-24 17:06:45 
 
2026-04-24 17:06:49 
 
2026-04-24 17:06:53 
 
2026-04-24 17:06:57 
 
2026-04-24 17:07:01 
 
2026-04-24 17:07:05 
 
2026-04-24 17:07:09 
 
2026-04-24 17:07:13 
 
2026-04-24 17:07:17 
 
2026-04-24 17:07:21 
 
2026-04-24 17:07:25 
 
2026-04-24 17:07:29 
 
2026-04-24 17:07:33 
 
2026-04-24 17:07:37 
 
2026-04-24 17:07:41 
 
2026-04-24 17:07:45 
 
2026-04-24 17:07:49 
 
2026-04-24 17:07:52 
 
2026-04-24 17:07:56 
 
2026-04-24 17:08:00 
 
2026-04-24 17:08:04 
 
2026-04-24 17:08:08 
 
2026-04-24 17:08:12 
 
2026-04-24 17:08:16 
 
2026-04-24 17:08:20 
 
2026-04-24 17:08:24 
 
2026-04-24 17:08:28 
 
2026-04-24 17:08:31 
 
2026-04-24 17:08:35 
 
2026-04-24 17:08:39 
 
2026-04-24 17:08:43 
 
2026-04-24 17:08:47 
 
2026-04-24 17:08:51 
 
2026-04-24 17:08:55 
 
2026-04-24 17:08:59 
 
2026-04-24 17:09:03 
 
2026-04-24 17:09:07 
 
2026-04-24 17:09:11 
 
2026-04-24 17:09:15 
 
2026-04-24 17:09:19 
 
2026-04-24 17:09:23 
 
2026-04-24 17:09:27 
 
2026-04-24 17:09:31 
 
2026-04-24 17:09:34 
 
2026-04-24 17:09:38 
 
2026-04-24 17:09:42 
 
2026-04-24 17:09:46 
 
2026-04-24 17:09:50 
 
2026-04-24 17:09:54 
 
2026-04-24 17:09:58 
 
2026-04-24 17:10:02 
 
2026-04-24 17:10:06 
 
2026-04-24 17:10:10 
 
2026-04-24 17:10:14 
 
2026-04-24 17:10:17 
 
2026-04-24 17:10:21 
 
2026-04-24 17:10:25 
 
2026-04-24 17:10:29 
 
2026-04-24 17:10:33 
 
2026-04-24 17:10:37 
 
2026-04-24 17:10:41 
 
2026-04-24 17:10:45 
 
2026-04-24 17:10:49 
 
2026-04-24 17:10:52 
 
2026-04-24 17:10:56 
 
2026-04-24 17:11:00 
 
2026-04-24 17:11:04 
 
2026-04-24 17:11:08 
 
2026-04-24 17:11:12 
 
2026-04-24 17:11:16 
 
2026-04-24 17:11:20 
 
2026-04-24 17:11:24 
 
2026-04-24 17:11:28 
 
2026-04-24 17:11:31 
 
2026-04-24 17:11:35 
 
2026-04-24 17:11:39 
 
2026-04-24 17:11:43 
 
2026-04-24 17:11:47 
 
2026-04-24 17:11:51 
 
2026-04-24 17:11:55 
 
2026-04-24 17:11:59 
 
2026-04-24 17:12:03 
 
2026-04-24 17:12:07 
 
2026-04-24 17:12:10 
 
2026-04-24 17:12:14 
 
2026-04-24 17:12:18 
 
2026-04-24 17:12:22 
 
2026-04-24 17:12:26 
 
2026-04-24 17:12:30 
 
2026-04-24 17:12:34 
 
2026-04-24 17:12:38 
 
2026-04-24 17:12:41 
 
2026-04-24 17:12:45 
 
2026-04-24 17:12:49 
 
2026-04-24 17:12:53 
 
2026-04-24 17:12:57 
 
2026-04-24 17:13:01 
 
2026-04-24 17:13:05 
 
2026-04-24 17:13:08 
 
2026-04-24 17:13:12 
 
2026-04-24 17:13:16 
 
2026-04-24 17:13:20 
 
2026-04-24 17:13:24 
 
2026-04-24 17:13:28 
 
2026-04-24 17:13:32 
 
2026-04-24 17:13:35 
 
2026-04-24 17:13:39 
 
2026-04-24 17:13:43 
 
2026-04-24 17:13:47 
 
2026-04-24 17:13:51 
 
2026-04-24 17:13:55 
 
2026-04-24 17:13:59 
 
2026-04-24 17:14:03 
 
2026-04-24 17:14:07 
 
2026-04-24 17:14:11 
 
2026-04-24 17:14:15 
 
2026-04-24 17:14:19 
 
2026-04-24 17:14:22 
 
2026-04-24 17:14:26 
 
2026-04-24 17:14:31 
 
2026-04-24 17:14:34 
 
2026-04-24 17:14:38 
 
2026-04-24 17:14:42 
 
2026-04-24 17:14:46 
 
2026-04-24 17:14:50 
 
2026-04-24 17:14:54 
 
2026-04-24 17:14:58 
 
2026-04-24 17:15:02 
 
2026-04-24 17:15:06 
 
2026-04-24 17:15:10 
 
2026-04-24 17:15:14 
 
2026-04-24 17:15:18 
 
2026-04-24 17:15:22 
 
2026-04-24 17:15:26 
 
2026-04-24 17:15:30 
 
2026-04-24 17:15:34 
 
2026-04-24 17:15:37 
 
2026-04-24 17:15:41 
 
2026-04-24 17:15:45 
 
2026-04-24 17:15:49 
 
2026-04-24 17:15:53 
 
2026-04-24 17:15:57 
 
2026-04-24 17:16:01 
 
2026-04-24 17:16:05 
 
2026-04-24 17:16:08 
 
2026-04-24 17:16:12 
 
2026-04-24 17:16:16 
 
2026-04-24 17:16:20 
 
2026-04-24 17:16:24 
 
2026-04-24 17:16:28 
 
2026-04-24 17:16:32 
 
2026-04-24 17:16:36 
 
2026-04-24 17:16:40 
 
2026-04-24 17:16:44 
 
2026-04-24 17:16:48 
 
2026-04-24 17:16:51 
 
2026-04-24 17:16:55 
 
2026-04-24 17:16:59 
 
2026-04-24 17:17:03 
 
2026-04-24 17:17:07 
 
2026-04-24 17:17:11 
 
2026-04-24 17:17:15 
 
2026-04-24 17:17:19 
 
2026-04-24 17:17:23 
 
2026-04-24 17:17:27 
 
2026-04-24 17:17:31 
 
2026-04-24 17:17:35 
 
2026-04-24 17:17:38 
 
2026-04-24 17:17:42 
 
2026-04-24 17:17:46 
 
2026-04-24 17:17:50 
 
2026-04-24 17:17:54 
 
2026-04-24 17:17:58 
 
2026-04-24 17:18:02 
 
2026-04-24 17:18:06 
 
2026-04-24 17:18:10 
 
2026-04-24 17:18:14 
 
2026-04-24 17:18:18 
 
2026-04-24 17:18:22 
 
2026-04-24 17:18:26 
 
2026-04-24 17:18:29 
 
2026-04-24 17:18:33 
 
2026-04-24 17:18:37 
 
2026-04-24 17:18:41 
 
2026-04-24 17:18:45 
 
2026-04-24 17:18:49 
 
2026-04-24 17:18:53 
 
2026-04-24 17:18:57 
 
2026-04-24 17:19:00 
 
2026-04-24 17:19:04 
 
2026-04-24 17:19:08 
 
2026-04-24 17:19:12 
 
2026-04-24 17:19:16 
 
2026-04-24 17:19:20 
 
2026-04-24 17:19:24 
 
2026-04-24 17:19:27 
 
2026-04-24 17:19:32 
 
2026-04-24 17:19:36 
 
2026-04-24 17:19:40 
 
2026-04-24 17:19:44 
 
2026-04-24 17:19:48 
 
2026-04-24 17:19:52 
 
2026-04-24 17:19:56 
 
2026-04-24 17:20:00 
 
2026-04-24 17:20:03 
 
2026-04-24 17:20:07 
 
2026-04-24 17:20:11 
 
2026-04-24 17:20:15 
 
2026-04-24 17:20:19 
 
2026-04-24 17:20:23 
 
2026-04-24 17:20:27 
 
2026-04-24 17:20:31 
 
2026-04-24 17:20:35 
 
2026-04-24 17:20:39 
 
2026-04-24 17:20:42 
 
2026-04-24 17:20:46 
 
2026-04-24 17:20:50 
 
2026-04-24 17:20:54 
 
2026-04-24 17:20:58 
 
2026-04-24 17:21:02 
 
2026-04-24 17:21:06 
 
2026-04-24 17:21:10 
 
2026-04-24 17:21:14 
 
2026-04-24 17:21:17 
 
2026-04-24 17:21:21 
 
2026-04-24 17:21:25 
 
2026-04-24 17:21:29 
 
2026-04-24 17:21:33 
 
2026-04-24 17:21:37 
 
2026-04-24 17:21:41 
 
2026-04-24 17:21:45 
 
2026-04-24 17:21:49 
 
2026-04-24 17:21:53 
 
2026-04-24 17:21:57 
 
2026-04-24 17:22:01 
 
2026-04-24 17:22:05 
 
2026-04-24 17:22:09 
 
2026-04-24 17:22:12 
 
2026-04-24 17:22:16 
 
2026-04-24 17:22:20 
 
2026-04-24 17:22:24 
 
2026-04-24 17:22:28 
 
2026-04-24 17:22:32 
 
2026-04-24 17:22:36 
 
2026-04-24 17:22:40 
 
2026-04-24 17:22:43 
 
2026-04-24 17:22:47 
 
2026-04-24 17:22:51 
 
2026-04-24 17:22:55 
 
2026-04-24 17:22:59 
 
2026-04-24 17:23:03 
 
2026-04-24 17:23:07 
 
2026-04-24 17:23:11 
 
2026-04-24 17:23:15 
 
2026-04-24 17:23:18 
 
2026-04-24 17:23:22 
 
2026-04-24 17:23:26 
 
2026-04-24 17:23:31 
 
2026-04-24 17:23:35 
 
2026-04-24 17:23:39 
 
2026-04-24 17:23:43 
 
2026-04-24 17:23:47 
 
2026-04-24 17:23:51 
 
2026-04-24 17:23:55 
 
2026-04-24 17:23:59 
 
2026-04-24 17:24:03 
 
2026-04-24 17:24:06 
 
2026-04-24 17:24:11 
 
2026-04-24 17:24:14 
 
2026-04-24 17:24:19 
 
2026-04-24 17:24:23 
 
2026-04-24 17:24:27 
 
2026-04-24 17:24:31 
 
2026-04-24 17:24:35 
 
2026-04-24 17:24:39 
 
2026-04-24 17:24:43 
 
2026-04-24 17:24:47 
 
2026-04-24 17:24:51 
 
2026-04-24 17:24:55 
 
2026-04-24 17:24:59 
 
2026-04-24 17:25:03 
 
2026-04-24 17:25:07 
 
2026-04-24 17:25:11 
 
2026-04-24 17:25:15 
 
2026-04-24 17:25:19 
 
2026-04-24 17:25:23 
 
2026-04-24 17:25:27 
 
2026-04-24 17:25:31 
 
2026-04-24 17:25:35 
 
2026-04-24 17:25:39 
 
2026-04-24 17:25:43 
 
2026-04-24 17:25:47 
 
2026-04-24 17:25:51 
 
2026-04-24 17:25:55 
 
2026-04-24 17:25:59 
 
2026-04-24 17:26:03 
 
2026-04-24 17:26:07 
 
2026-04-24 17:26:11 
 
2026-04-24 17:26:15 
 
2026-04-24 17:26:18 
 
2026-04-24 17:26:22 
 
2026-04-24 17:26:26 
 
2026-04-24 17:26:30 
 
2026-04-24 17:26:34 
 
2026-04-24 17:26:38 
 
2026-04-24 17:26:42 
 
2026-04-24 17:26:46 
 
2026-04-24 17:26:50 
 
2026-04-24 17:26:54 
 
2026-04-24 17:26:58 
 
2026-04-24 17:27:02 
 
2026-04-24 17:27:06 
 
2026-04-24 17:27:10 
 
2026-04-24 17:27:14 
 
2026-04-24 17:27:18 
 
2026-04-24 17:27:22 
 
2026-04-24 17:27:26 
 
2026-04-24 17:27:30 
 
2026-04-24 17:27:34 
 
2026-04-24 17:27:38 
 
2026-04-24 17:27:42 
 
2026-04-24 17:27:46 
 
2026-04-24 17:27:50 
 
2026-04-24 17:27:54 
 
2026-04-24 17:27:58 
 
2026-04-24 17:28:02 
 
2026-04-24 17:28:06 
 
2026-04-24 17:28:10 
 
2026-04-24 17:28:14 
 
2026-04-24 17:28:18 
 
2026-04-24 17:28:22 
 
2026-04-24 17:28:26 
 
2026-04-24 17:28:29 
 
2026-04-24 17:28:34 
 
2026-04-24 17:28:38 
 
2026-04-24 17:28:42 
 
2026-04-24 17:28:46 
 
2026-04-24 17:28:49 
 
2026-04-24 17:28:53 
 
2026-04-24 17:28:57 
 
2026-04-24 17:29:01 
 
2026-04-24 17:29:05 
 
2026-04-24 17:29:09 
 
2026-04-24 17:29:13 
 
2026-04-24 17:29:17 
 
2026-04-24 17:29:21 
 
2026-04-24 17:29:25 
 
2026-04-24 17:29:29 
 
2026-04-24 17:29:33 
 
2026-04-24 17:29:37 
 
2026-04-24 17:29:41 
 
2026-04-24 17:29:45 
 
2026-04-24 17:29:49 
 
2026-04-24 17:29:53 
 
2026-04-24 17:29:57 
 
2026-04-24 17:30:01 
 
2026-04-24 17:30:05 
 
2026-04-24 17:30:09 
 
2026-04-24 17:30:13 
 
2026-04-24 17:30:17 
 
2026-04-24 17:30:21 
 
2026-04-24 17:30:25 
 
2026-04-24 17:30:29 
 
2026-04-24 17:30:33 
 
2026-04-24 17:30:37 
 
2026-04-24 17:30:41 
 
2026-04-24 17:30:45 
 
2026-04-24 17:30:48 
 
2026-04-24 17:30:52 
 
2026-04-24 17:30:56 
 
2026-04-24 17:31:00 
 
2026-04-24 17:31:04 
 
2026-04-24 17:31:08 
 
2026-04-24 17:31:12 
 
2026-04-24 17:31:16 
 
2026-04-24 17:31:20 
 
2026-04-24 17:31:24 
 
2026-04-24 17:31:28 
 
2026-04-24 17:31:32 
 
2026-04-24 17:31:36 
 
2026-04-24 17:31:40 
 
2026-04-24 17:31:44 
 
2026-04-24 17:31:47 
 
2026-04-24 17:31:51 
 
2026-04-24 17:31:55 
 
2026-04-24 17:31:59 
 
2026-04-24 17:32:03 
 
2026-04-24 17:32:07 
 
2026-04-24 17:32:11 
 
2026-04-24 17:32:15 
 
2026-04-24 17:32:19 
 
2026-04-24 17:32:22 
 
2026-04-24 17:32:26 
 
2026-04-24 17:32:30 
 
2026-04-24 17:32:34 
 
2026-04-24 17:32:38 
 
2026-04-24 17:32:42 
 
2026-04-24 17:32:46 
 
2026-04-24 17:32:50 
 
2026-04-24 17:32:54 
 
2026-04-24 17:32:58 
 
2026-04-24 17:33:02 
 
2026-04-24 17:33:06 
 
2026-04-24 17:33:10 
 
2026-04-24 17:33:14 
 
2026-04-24 17:33:18 
 
2026-04-24 17:33:22 
 
2026-04-24 17:33:26 
 
2026-04-24 17:33:30 
 
2026-04-24 17:33:34 
 
2026-04-24 17:33:38 
 
2026-04-24 17:33:41 
 
2026-04-24 17:33:45 
 
2026-04-24 17:33:49 
 
2026-04-24 17:33:53 
 
2026-04-24 17:33:57 
 
2026-04-24 17:34:01 
 
2026-04-24 17:34:05 
 
2026-04-24 17:34:09 
 
2026-04-24 17:34:13 
 
2026-04-24 17:34:17 
 
2026-04-24 17:34:21 
 
2026-04-24 17:34:25 
 
2026-04-24 17:34:29 
 
2026-04-24 17:34:32 
 
2026-04-24 17:34:36 
 
2026-04-24 17:34:40 
 
2026-04-24 17:34:44 
 
2026-04-24 17:34:48 
 
2026-04-24 17:34:52 
 
2026-04-24 17:34:56 
 
2026-04-24 17:35:00 
 
2026-04-24 17:35:03 
 
2026-04-24 17:35:08 
 
2026-04-24 17:35:12 
 
2026-04-24 17:35:16 
 
2026-04-24 17:35:20 
 
2026-04-24 17:35:24 
 
2026-04-24 17:35:28 
 
2026-04-24 17:35:32 
 
2026-04-24 17:35:36 
 
2026-04-24 17:35:40 
 
2026-04-24 17:35:44 
 
2026-04-24 17:35:48 
 
2026-04-24 17:35:52 
 
2026-04-24 17:35:55 
 
2026-04-24 17:35:59 
 
2026-04-24 17:36:03 
 
2026-04-24 17:36:07 
 
2026-04-24 17:36:11 
 
2026-04-24 17:36:15 
 
2026-04-24 17:36:19 
 
2026-04-24 17:36:23 
 
2026-04-24 17:36:27 
 
2026-04-24 17:36:30 
 
2026-04-24 17:36:34 
 
2026-04-24 17:36:38 
 
2026-04-24 17:36:42 
 
2026-04-24 17:36:46 
 
2026-04-24 17:36:50 
 
2026-04-24 17:36:54 
 
2026-04-24 17:36:58 
 
2026-04-24 17:37:02 
 
2026-04-24 17:37:05 
 
2026-04-24 17:37:09 
 
2026-04-24 17:37:13 
 
2026-04-24 17:37:17 
 
2026-04-24 17:37:21 
 
2026-04-24 17:37:25 
 
2026-04-24 17:37:29 
 
2026-04-24 17:37:33 
 
2026-04-24 17:37:37 
 
2026-04-24 17:37:41 
 
2026-04-24 17:37:45 
 
2026-04-24 17:37:49 
 
2026-04-24 17:37:53 
 
2026-04-24 17:37:57 
 
2026-04-24 17:38:01 
 
2026-04-24 17:38:05 
 
2026-04-24 17:38:09 
 
2026-04-24 17:38:13 
 
2026-04-24 17:38:17 
 
2026-04-24 17:38:20 
 
2026-04-24 17:38:25 
 
2026-04-24 17:38:28 
 
2026-04-24 17:38:32 
 
2026-04-24 17:38:36 
 
2026-04-24 17:38:40 
 
2026-04-24 17:38:44 
 
2026-04-24 17:38:48 
 
2026-04-24 17:38:52 
 
2026-04-24 17:38:56 
 
2026-04-24 17:39:00 
 
2026-04-24 17:39:04 
 
2026-04-24 17:39:07 
 
2026-04-24 17:39:12 
 
2026-04-24 17:39:16 
 
2026-04-24 17:39:19 
 
2026-04-24 17:39:23 
 
2026-04-24 17:39:27 
 
2026-04-24 17:39:31 
 
2026-04-24 17:39:35 
 
2026-04-24 17:39:39 
 
2026-04-24 17:39:43 
 
2026-04-24 17:39:47 
 
2026-04-24 17:39:51 
 
2026-04-24 17:39:55 
 
2026-04-24 17:39:58 
 
2026-04-24 17:40:02 
 
2026-04-24 17:40:06 
 
2026-04-24 17:40:11 
 
2026-04-24 17:40:15 
 
2026-04-24 17:40:18 
 
2026-04-24 17:40:22 
 
2026-04-24 17:40:26 
 
2026-04-24 17:40:31 
 
2026-04-24 17:40:34 
 
2026-04-24 17:40:38 
 
2026-04-24 17:40:42 
 
2026-04-24 17:40:46 
 
2026-04-24 17:40:50 
 
2026-04-24 17:40:55 
 
2026-04-24 17:40:59 
 
2026-04-24 17:41:03 
 
2026-04-24 17:41:07 
 
2026-04-24 17:41:10 
 
2026-04-24 17:41:14 
 
2026-04-24 17:41:18 
 
2026-04-24 17:41:22 
 
2026-04-24 17:41:26 
 
2026-04-24 17:41:30 
 
2026-04-24 17:41:34 
 
2026-04-24 17:41:38 
 
2026-04-24 17:41:42 
 
2026-04-24 17:41:45 
 
2026-04-24 17:41:49 
 
2026-04-24 17:41:54 
 
2026-04-24 17:41:58 
 
2026-04-24 17:42:02 
 
2026-04-24 17:42:06 
 
2026-04-24 17:42:10 
 
2026-04-24 17:42:13 
 
2026-04-24 17:42:17 
 
2026-04-24 17:42:21 
 
2026-04-24 17:42:25 
 
2026-04-24 17:42:29 
 
2026-04-24 17:42:33 
 
2026-04-24 17:42:37 
 
2026-04-24 17:42:41 
 
2026-04-24 17:42:45 
 
2026-04-24 17:42:49 
 
2026-04-24 17:42:53 
 
2026-04-24 17:42:57 
 
2026-04-24 17:43:01 
 
2026-04-24 17:43:05 
 
2026-04-24 17:43:09 
 
2026-04-24 17:43:13 
 
2026-04-24 17:43:17 
 
2026-04-24 17:43:21 
 
2026-04-24 17:43:24 
 
2026-04-24 17:43:28 
 
2026-04-24 17:43:32 
 
2026-04-24 17:43:36 
 
2026-04-24 17:43:40 
 
2026-04-24 17:43:44 
 
2026-04-24 17:43:48 
 
2026-04-24 17:43:52 
 
2026-04-24 17:43:56 
 
2026-04-24 17:44:00 
 
2026-04-24 17:44:04 
 
2026-04-24 17:44:08 
 
2026-04-24 17:44:12 
 
2026-04-24 17:44:16 
 
2026-04-24 17:44:20 
 
2026-04-24 17:44:24 
 
2026-04-24 17:44:28 
 
2026-04-24 17:44:32 
 
2026-04-24 17:44:36 
 
2026-04-24 17:44:40 
 
2026-04-24 17:44:44 
 
2026-04-24 17:44:48 
 
2026-04-24 17:44:52 
 
2026-04-24 17:44:55 
 
2026-04-24 17:44:59 
 
2026-04-24 17:45:03 
 
2026-04-24 17:45:07 
 
2026-04-24 17:45:11 
 
2026-04-24 17:45:15 
 
2026-04-24 17:45:20 
 
2026-04-24 17:45:24 
 
2026-04-24 17:45:28 
 
2026-04-24 17:45:32 
 
2026-04-24 17:45:36 
 
2026-04-24 17:45:40 
 
2026-04-24 17:45:44 
 
2026-04-24 17:45:48 
 
2026-04-24 17:45:52 
 
2026-04-24 17:45:56 
 
2026-04-24 17:45:59 
 
2026-04-24 17:46:03 
 
2026-04-24 17:46:07 
 
2026-04-24 17:46:11 
 
2026-04-24 17:46:15 
 
2026-04-24 17:46:19 
 
2026-04-24 17:46:23 
 
2026-04-24 17:46:27 
 
2026-04-24 17:46:31 
 
2026-04-24 17:46:35 
 
2026-04-24 17:46:38 
 
2026-04-24 17:46:42 
 
2026-04-24 17:46:46 
 
2026-04-24 17:46:50 
 
2026-04-24 17:46:54 
 
2026-04-24 17:46:58 
 
2026-04-24 17:47:02 
 
2026-04-24 17:47:06 
 
2026-04-24 17:47:10 
 
2026-04-24 17:47:14 
 
2026-04-24 17:47:18 
 
2026-04-24 17:47:22 
 
2026-04-24 17:47:26 
 
2026-04-24 17:47:30 
 
2026-04-24 17:47:34 
 
2026-04-24 17:47:38 
 
2026-04-24 17:47:42 
 
2026-04-24 17:47:46 
 
2026-04-24 17:47:50 
 
2026-04-24 17:47:53 
 
2026-04-24 17:47:57 
 
2026-04-24 17:48:01 
 
2026-04-24 17:48:05 
 
2026-04-24 17:48:09 
 
2026-04-24 17:48:13 
 
2026-04-24 17:48:17 
 
2026-04-24 17:48:21 
 
2026-04-24 17:48:25 
 
2026-04-24 17:48:29 
 
2026-04-24 17:48:33 
 
2026-04-24 17:48:36 
 
2026-04-24 17:48:40 
 
2026-04-24 17:48:45 
 
2026-04-24 17:48:48 
 
2026-04-24 17:48:52 
 
2026-04-24 17:48:56 
 
2026-04-24 17:49:00 
 
2026-04-24 17:49:05 
 
2026-04-24 17:49:09 
 
2026-04-24 17:49:13 
 
2026-04-24 17:49:17 
 
2026-04-24 17:49:21 
 
2026-04-24 17:49:25 
 
2026-04-24 17:49:29 
 
2026-04-24 17:49:34 
 
2026-04-24 17:49:38 
 
2026-04-24 17:49:42 
 
2026-04-24 17:49:46 
 
2026-04-24 17:49:50 
 
2026-04-24 17:49:54 
 
2026-04-24 17:49:59 
 
2026-04-24 17:50:03 
 
2026-04-24 17:50:07 
 
2026-04-24 17:50:11 
 
2026-04-24 17:50:15 
 
2026-04-24 17:50:19 
 
2026-04-24 17:50:24 
 
2026-04-24 17:50:28 
 
2026-04-24 17:50:33 
 
2026-04-24 17:50:37 
 
2026-04-24 17:50:41 
 
2026-04-24 17:50:46 
 
2026-04-24 17:50:50 
 
2026-04-24 17:50:54 
 
2026-04-24 17:50:58 
 
2026-04-24 17:51:02 
 
2026-04-24 17:51:07 
 
2026-04-24 17:51:11 
 
2026-04-24 17:51:15 
 
2026-04-24 17:51:19 
 
2026-04-24 17:51:24 
 
2026-04-24 17:51:28 
 
2026-04-24 17:51:32 
 
2026-04-24 17:51:37 
 
2026-04-24 17:51:41 
 
2026-04-24 17:51:45 
 
2026-04-24 17:51:49 
 
2026-04-24 17:51:53 
 
2026-04-24 17:51:58 
 
2026-04-24 17:52:02 
 
2026-04-24 17:52:06 
 
2026-04-24 17:52:10 
 
2026-04-24 17:52:14 
 
2026-04-24 17:52:19 
 
2026-04-24 17:52:23 
 
2026-04-24 17:52:27 
 
2026-04-24 17:52:31 
 
2026-04-24 17:52:35 
 
2026-04-24 17:52:40 
 
2026-04-24 17:52:44 
 
2026-04-24 17:52:48 
 
2026-04-24 17:52:52 
 
2026-04-24 17:52:57 
 
2026-04-24 17:53:01 
 
2026-04-24 17:53:05 
 
2026-04-24 17:53:09 
 
2026-04-24 17:53:13 
 
2026-04-24 17:53:17 
 
2026-04-24 17:53:21 
 
2026-04-24 17:53:25 
 
2026-04-24 17:53:29 
 
2026-04-24 17:53:32 
 
2026-04-24 17:53:36 
 
2026-04-24 17:53:40 
 
2026-04-24 17:53:44 
 
2026-04-24 17:53:48 
 
2026-04-24 17:53:52 
 
2026-04-24 17:53:56 
 
2026-04-24 17:54:00 
 
2026-04-24 17:54:04 
 
2026-04-24 17:54:08 
 
2026-04-24 17:54:12 
 
2026-04-24 17:54:16 
 
2026-04-24 17:54:20 
 
2026-04-24 17:54:24 
 
2026-04-24 17:54:28 
 
2026-04-24 17:54:32 
 
2026-04-24 17:54:36 
 
2026-04-24 17:54:40 
 
2026-04-24 17:54:44 
 
2026-04-24 17:54:48 
 
2026-04-24 17:54:52 
 
2026-04-24 17:54:56 
 
2026-04-24 17:55:00 
 
2026-04-24 17:55:03 
 
2026-04-24 17:55:07 
 
2026-04-24 17:55:11 
 
2026-04-24 17:55:15 
 
2026-04-24 17:55:19 
 
2026-04-24 17:55:23 
 
2026-04-24 17:55:27 
 
2026-04-24 17:55:31 
 
2026-04-24 17:55:35 
 
2026-04-24 17:55:39 
 
2026-04-24 17:55:43 
 
2026-04-24 17:55:47 
 
2026-04-24 17:55:51 
 
2026-04-24 17:55:54 
 
2026-04-24 17:55:58 
 
2026-04-24 17:56:02 
 
2026-04-24 17:56:06 
 
2026-04-24 17:56:10 
 
2026-04-24 17:56:14 
 
2026-04-24 17:56:18 
 
2026-04-24 17:56:22 
 
2026-04-24 17:56:26 
 
2026-04-24 17:56:30 
 
2026-04-24 17:56:34 
 
2026-04-24 17:56:38 
 
2026-04-24 17:56:42 
 
2026-04-24 17:56:46 
 
2026-04-24 17:56:50 
 
2026-04-24 17:56:54 
 
2026-04-24 17:56:58 
 
2026-04-24 17:57:02 
 
2026-04-24 17:57:06 
 
2026-04-24 17:57:10 
 
2026-04-24 17:57:14 
 
2026-04-24 17:57:18 
 
2026-04-24 17:57:22 
 
2026-04-24 17:57:26 
 
2026-04-24 17:57:30 
 
2026-04-24 17:57:34 
 
2026-04-24 17:57:38 
 
2026-04-24 17:57:42 
 
2026-04-24 17:57:46 
 
2026-04-24 17:57:50 
 
2026-04-24 17:57:54 
 
2026-04-24 17:57:58 
 
2026-04-24 17:58:02 
 
2026-04-24 17:58:06 
 
2026-04-24 17:58:10 
 
2026-04-24 17:58:13 
 
2026-04-24 17:58:17 
 
2026-04-24 17:58:21 
 
2026-04-24 17:58:25 
 
2026-04-24 17:58:29 
 
2026-04-24 17:58:33 
 
2026-04-24 17:58:37 
 
2026-04-24 17:58:41 
 
2026-04-24 17:58:45 
 
2026-04-24 17:58:49 
 
2026-04-24 17:58:53 
 
2026-04-24 17:58:57 
 
2026-04-24 17:59:00 
 
2026-04-24 17:59:04 
 
2026-04-24 17:59:08 
 
2026-04-24 17:59:12 
 
2026-04-24 17:59:16 
 
2026-04-24 17:59:20 
 
2026-04-24 17:59:24 
 
2026-04-24 17:59:28 
 
2026-04-24 17:59:32 
 
2026-04-24 17:59:36 
 
2026-04-24 17:59:40 
 
2026-04-24 17:59:44 
 
2026-04-24 17:59:48 
 
2026-04-24 17:59:51 
 
2026-04-24 17:59:56 
 
2026-04-24 18:00:00 
 
2026-04-24 18:00:03 
 
2026-04-24 18:00:07 
 
2026-04-24 18:00:11 
 
2026-04-24 18:00:15 
 
2026-04-24 18:00:19 
 
2026-04-24 18:00:23 
 
2026-04-24 18:00:27 
 
2026-04-24 18:00:32 
 
2026-04-24 18:00:36 
 
2026-04-24 18:00:40 
 
2026-04-24 18:00:44 
 
2026-04-24 18:00:48 
 
2026-04-24 18:00:52 
 
2026-04-24 18:00:56 
 
2026-04-24 18:00:59 
 
2026-04-24 18:01:04 
 
2026-04-24 18:01:08 
 
2026-04-24 18:01:12 
 
2026-04-24 18:01:16 
 
2026-04-24 18:01:20 
 
2026-04-24 18:01:24 
 
2026-04-24 18:01:28 
 
2026-04-24 18:01:32 
 
2026-04-24 18:01:36 
 
2026-04-24 18:01:39 
 
2026-04-24 18:01:44 
 
2026-04-24 18:01:48 
 
2026-04-24 18:01:52 
 
2026-04-24 18:01:58 
 
2026-04-24 18:02:02 
 
2026-04-24 18:02:07 
 
2026-04-24 18:02:11 
 
2026-04-24 18:02:15 
 
2026-04-24 18:02:19 
 
2026-04-24 18:02:23 
 
2026-04-24 18:02:27 
 
2026-04-24 18:02:30 
 
2026-04-24 18:02:35 
 
2026-04-24 18:02:38 
 
2026-04-24 18:02:42 
 
2026-04-24 18:02:46 
 
2026-04-24 18:02:50 
 
2026-04-24 18:02:54 
 
2026-04-24 18:02:58 
 
2026-04-24 18:03:02 
 
2026-04-24 18:03:06 
 
2026-04-24 18:03:10 
 
2026-04-24 18:03:13 
 
2026-04-24 18:03:18 
 
2026-04-24 18:03:22 
 
2026-04-24 18:03:26 
 
2026-04-24 18:03:30 
 
2026-04-24 18:03:34 
 
2026-04-24 18:03:38 
 
2026-04-24 18:03:42 
 
2026-04-24 18:03:46 
 
2026-04-24 18:03:50 
 
2026-04-24 18:03:54 
 
2026-04-24 18:03:57 
 
2026-04-24 18:04:01 
 
2026-04-24 18:04:05 
 
2026-04-24 18:04:09 
 
2026-04-24 18:04:13 
 
2026-04-24 18:04:17 
 
2026-04-24 18:04:21 
 
2026-04-24 18:04:25 
 
2026-04-24 18:04:29 
 
2026-04-24 18:04:33 
 
2026-04-24 18:04:37 
 
2026-04-24 18:04:41 
 
2026-04-24 18:04:44 
 
2026-04-24 18:04:48 
 
2026-04-24 18:04:52 
 
2026-04-24 18:04:56 
 
2026-04-24 18:05:00 
 
2026-04-24 18:05:04 
 
2026-04-24 18:05:08 
 
2026-04-24 18:05:12 
 
2026-04-24 18:05:16 
 
2026-04-24 18:05:20 
 
2026-04-24 18:05:23 
 
2026-04-24 18:05:27 
 
2026-04-24 18:05:31 
 
2026-04-24 18:05:35 
 
2026-04-24 18:05:39 
 
2026-04-24 18:05:43 
 
2026-04-24 18:05:47 
 
2026-04-24 18:05:51 
 
2026-04-24 18:05:55 
 
2026-04-24 18:05:59 
 
2026-04-24 18:06:04 
 
2026-04-24 18:06:08 
 
2026-04-24 18:06:12 
 
2026-04-24 18:06:23 
 
2026-04-24 18:06:27 
 
2026-04-24 18:06:31 
 
2026-04-24 18:06:35 
 
2026-04-24 18:06:39 
 
2026-04-24 18:06:43 
 
2026-04-24 18:06:47 
 
2026-04-24 18:06:51 
 
2026-04-24 18:06:55 
 
2026-04-24 18:06:59 
 
2026-04-24 18:07:03 
 
2026-04-24 18:07:07 
 
2026-04-24 18:07:11 
 
2026-04-24 18:07:15 
 
2026-04-24 18:07:19 
 
2026-04-24 18:07:23 
 
2026-04-24 18:07:27 
 
2026-04-24 18:07:31 
 
2026-04-24 18:07:35 
 
2026-04-24 18:07:39 
 
2026-04-24 18:07:43 
 
2026-04-24 18:07:46 
 
2026-04-24 18:07:50 
 
2026-04-24 18:07:54 
 
2026-04-24 18:07:58 
 
2026-04-24 18:08:02 
 
2026-04-24 18:08:06 
 
2026-04-24 18:08:10 
 
2026-04-24 18:08:14 
 
2026-04-24 18:08:18 
 
2026-04-24 18:08:22 
 
2026-04-24 18:08:26 
 
2026-04-24 18:08:30 
 
2026-04-24 18:08:34 
 
2026-04-24 18:08:38 
 
2026-04-24 18:08:42 
 
2026-04-24 18:08:46 
 
2026-04-24 18:08:50 
 
2026-04-24 18:08:54 
 
2026-04-24 18:08:57 
 
2026-04-24 18:09:01 
 
2026-04-24 18:09:05 
 
2026-04-24 18:09:09 
 
2026-04-24 18:09:13 
 
2026-04-24 18:09:17 
 
2026-04-24 18:09:21 
 
2026-04-24 18:09:25 
 
2026-04-24 18:09:29 
 
2026-04-24 18:09:33 
 
2026-04-24 18:09:37 
 
2026-04-24 18:09:41 
 
2026-04-24 18:09:45 
 
2026-04-24 18:09:49 
 
2026-04-24 18:09:53 
 
2026-04-24 18:09:58 
 
2026-04-24 18:10:01 
 
2026-04-24 18:10:06 
 
2026-04-24 18:10:10 
 
2026-04-24 18:10:14 
 
2026-04-24 18:10:18 
 
2026-04-24 18:10:22 
 
2026-04-24 18:10:27 
 
