2026-04-24 16:50:32 Bot started with the following settings :
 {'AUD_USD': {'pair': 'AUD_USD', 'units': 10000, 'short_ma': 8, 'long_ma': 32},
 'EUR_CAD': {'pair': 'EUR_CAD', 'units': 10000, 'short_ma': 8, 'long_ma': 32},
 'EUR_CHF': {'pair': 'EUR_CHF', 'units': 10000, 'short_ma': 8, 'long_ma': 32},
 'EUR_GBP': {'pair': 'EUR_GBP', 'units': 10000, 'short_ma': 8, 'long_ma': 32},
 'EUR_JPY': {'pair': 'EUR_JPY', 'units': 10000, 'short_ma': 8, 'long_ma': 32},
 'EUR_SGD': {'pair': 'EUR_SGD', 'units': 10000, 'short_ma': 8, 'long_ma': 32},
 'EUR_USD': {'pair': 'EUR_USD', 'units': 10000, 'short_ma': 8, 'long_ma': 32},
 'GBP_CHF': {'pair': 'GBP_CHF', 'units': 10000, 'short_ma': 8, 'long_ma': 32},
 'GBP_JPY': {'pair': 'GBP_JPY', 'units': 10000, 'short_ma': 4, 'long_ma': 16},
 'GBP_NZD': {'pair': 'GBP_NZD', 'units': 10000, 'short_ma': 4, 'long_ma': 16},
 'GBP_SGD': {'pair': 'GBP_SGD', 'units': 10000, 'short_ma': 8, 'long_ma': 32},
 'GBP_USD': {'pair': 'GBP_USD', 'units': 10000, 'short_ma': 8, 'long_ma': 32},
 'NZD_CAD': {'pair': 'NZD_CAD', 'units': 10000, 'short_ma': 8, 'long_ma': 32},
 'NZD_CHF': {'pair': 'NZD_CHF', 'units': 10000, 'short_ma': 8, 'long_ma': 32},
 'NZD_JPY': {'pair': 'NZD_JPY', 'units': 10000, 'short_ma': 8, 'long_ma': 32},
 'NZD_USD': {'pair': 'NZD_USD', 'units': 10000, 'short_ma': 8, 'long_ma': 32},
 'SGD_CHF': {'pair': 'SGD_CHF', 'units': 10000, 'short_ma': 8, 'long_ma': 32},
 'SGD_JPY': {'pair': 'SGD_JPY', 'units': 10000, 'short_ma': 8, 'long_ma': 32},
 'USD_CAD': {'pair': 'GBP_JPY', 'units': 10000, 'short_ma': 4, 'long_ma': 16},
 'USD_JPY': {'pair': 'USD_JPY', 'units': 10000, 'short_ma': 4, 'long_ma': 16},
 'USD_SGD': {'pair': 'USD_SGD', 'units': 10000, 'short_ma': 8, 'long_ma': 32}} 
2026-04-24 16:50:32 Bot timings :
 {'EUR_USD': {'last_complete_candle': Timestamp('2026-04-24 20:49:00+0000', tz='tzutc()'), 'ready': False}} 
2026-04-24 16:50:34 checking for a trade on: EUR_USD
2026-04-24 16:50:39 checking for a trade on: EUR_USD
2026-04-24 16:50:43 checking for a trade on: EUR_USD
2026-04-24 16:50:47 checking for a trade on: EUR_USD
2026-04-24 16:50:51 checking for a trade on: EUR_USD
2026-04-24 16:50:55 checking for a trade on: EUR_USD
2026-04-24 16:51:00 checking for a trade on: EUR_USD
2026-04-24 16:51:04 EUR_USD, new candle 2026-04-24 20:50:00+00:00
2026-04-24 16:51:05 checking for a trade on: EUR_USD
2026-04-24 16:51:09 checking for a trade on: EUR_USD
2026-04-24 16:51:13 checking for a trade on: EUR_USD
2026-04-24 16:51:17 checking for a trade on: EUR_USD
2026-04-24 16:51:21 checking for a trade on: EUR_USD
2026-04-24 16:51:25 checking for a trade on: EUR_USD
2026-04-24 16:51:31 checking for a trade on: EUR_USD
2026-04-24 16:51:38 checking for a trade on: EUR_USD
2026-04-24 16:51:43 checking for a trade on: EUR_USD
2026-04-24 16:51:47 checking for a trade on: EUR_USD
2026-04-24 16:51:51 checking for a trade on: EUR_USD
2026-04-24 16:51:57 checking for a trade on: EUR_USD
2026-04-24 16:52:03 checking for a trade on: EUR_USD
2026-04-24 16:52:07 EUR_USD, new candle 2026-04-24 20:51:00+00:00
2026-04-24 16:52:09 checking for a trade on: EUR_USD
2026-04-24 16:52:14 checking for a trade on: EUR_USD
2026-04-24 16:52:21 checking for a trade on: EUR_USD
2026-04-24 16:52:27 checking for a trade on: EUR_USD
2026-04-24 16:52:31 checking for a trade on: EUR_USD
2026-04-24 16:52:35 checking for a trade on: EUR_USD
2026-04-24 16:52:39 checking for a trade on: EUR_USD
2026-04-24 16:52:43 checking for a trade on: EUR_USD
2026-04-24 16:52:47 checking for a trade on: EUR_USD
2026-04-24 16:52:52 checking for a trade on: EUR_USD
2026-04-24 16:52:57 checking for a trade on: EUR_USD
2026-04-24 16:53:02 EUR_USD, new candle 2026-04-24 20:52:00+00:00
2026-04-24 16:53:03 checking for a trade on: EUR_USD
2026-04-24 16:53:13 checking for a trade on: EUR_USD
2026-04-24 16:53:18 checking for a trade on: EUR_USD
2026-04-24 16:53:23 checking for a trade on: EUR_USD
2026-04-24 16:53:27 checking for a trade on: EUR_USD
2026-04-24 16:53:31 checking for a trade on: EUR_USD
2026-04-24 16:53:36 checking for a trade on: EUR_USD
2026-04-24 16:53:40 checking for a trade on: EUR_USD
2026-04-24 16:53:45 checking for a trade on: EUR_USD
2026-04-24 16:53:49 checking for a trade on: EUR_USD
2026-04-24 16:53:53 checking for a trade on: EUR_USD
2026-04-24 16:53:57 checking for a trade on: EUR_USD
2026-04-24 16:54:02 EUR_USD, new candle 2026-04-24 20:53:00+00:00
2026-04-24 16:54:03 checking for a trade on: EUR_USD
2026-04-24 16:54:08 checking for a trade on: EUR_USD
2026-04-24 16:54:13 checking for a trade on: EUR_USD
2026-04-24 16:54:18 checking for a trade on: EUR_USD
2026-04-24 16:54:25 checking for a trade on: EUR_USD
2026-04-24 16:54:29 checking for a trade on: EUR_USD
2026-04-24 16:54:33 checking for a trade on: EUR_USD
2026-04-24 16:54:37 checking for a trade on: EUR_USD
2026-04-24 16:54:43 checking for a trade on: EUR_USD
2026-04-24 16:54:49 checking for a trade on: EUR_USD
2026-04-24 16:54:54 checking for a trade on: EUR_USD
2026-04-24 16:54:58 checking for a trade on: EUR_USD
2026-04-24 16:55:05 EUR_USD, new candle 2026-04-24 20:54:00+00:00
2026-04-24 16:55:10 checking for a trade on: EUR_USD
2026-04-24 16:55:15 checking for a trade on: EUR_USD
2026-04-24 16:55:20 checking for a trade on: EUR_USD
2026-04-24 16:55:24 checking for a trade on: EUR_USD
2026-04-24 16:55:29 checking for a trade on: EUR_USD
2026-04-24 16:55:33 checking for a trade on: EUR_USD
2026-04-24 16:55:45 checking for a trade on: EUR_USD
2026-04-24 16:55:50 checking for a trade on: EUR_USD
2026-04-24 16:55:56 checking for a trade on: EUR_USD
2026-04-24 16:56:01 checking for a trade on: EUR_USD
2026-04-24 16:56:05 EUR_USD, new candle 2026-04-24 20:55:00+00:00
2026-04-24 16:56:06 checking for a trade on: EUR_USD
2026-04-24 16:56:11 checking for a trade on: EUR_USD
2026-04-24 16:56:15 checking for a trade on: EUR_USD
2026-04-24 16:56:23 checking for a trade on: EUR_USD
2026-04-24 16:56:27 checking for a trade on: EUR_USD
2026-04-24 16:56:31 checking for a trade on: EUR_USD
2026-04-24 16:56:35 checking for a trade on: EUR_USD
2026-04-24 16:56:40 checking for a trade on: EUR_USD
2026-04-24 16:56:44 checking for a trade on: EUR_USD
2026-04-24 16:56:50 checking for a trade on: EUR_USD
2026-04-24 16:56:54 checking for a trade on: EUR_USD
2026-04-24 16:56:58 checking for a trade on: EUR_USD
2026-04-24 16:57:02 EUR_USD, new candle 2026-04-24 20:56:00+00:00
2026-04-24 16:57:03 checking for a trade on: EUR_USD
2026-04-24 16:57:08 checking for a trade on: EUR_USD
2026-04-24 16:57:12 checking for a trade on: EUR_USD
2026-04-24 16:57:16 checking for a trade on: EUR_USD
2026-04-24 16:57:20 checking for a trade on: EUR_USD
2026-04-24 16:57:24 checking for a trade on: EUR_USD
2026-04-24 16:57:29 checking for a trade on: EUR_USD
2026-04-24 16:57:37 checking for a trade on: EUR_USD
2026-04-24 16:57:43 checking for a trade on: EUR_USD
2026-04-24 16:57:47 checking for a trade on: EUR_USD
2026-04-24 16:57:51 checking for a trade on: EUR_USD
2026-04-24 16:57:55 checking for a trade on: EUR_USD
2026-04-24 16:57:59 checking for a trade on: EUR_USD
2026-04-24 16:58:03 EUR_USD, new candle 2026-04-24 20:57:00+00:00
2026-04-24 16:58:04 checking for a trade on: EUR_USD
2026-04-24 16:58:13 checking for a trade on: EUR_USD
2026-04-24 16:58:20 checking for a trade on: EUR_USD
2026-04-24 16:58:24 checking for a trade on: EUR_USD
2026-04-24 16:58:28 checking for a trade on: EUR_USD
2026-04-24 16:58:32 checking for a trade on: EUR_USD
2026-04-24 16:58:37 checking for a trade on: EUR_USD
2026-04-24 16:58:41 checking for a trade on: EUR_USD
2026-04-24 16:58:45 checking for a trade on: EUR_USD
2026-04-24 16:58:50 checking for a trade on: EUR_USD
2026-04-24 16:58:54 checking for a trade on: EUR_USD
2026-04-24 16:58:58 checking for a trade on: EUR_USD
2026-04-24 16:59:04 EUR_USD, new candle 2026-04-24 20:58:00+00:00
2026-04-24 16:59:04 checking for a trade on: EUR_USD
2026-04-24 16:59:10 checking for a trade on: EUR_USD
2026-04-24 16:59:14 checking for a trade on: EUR_USD
2026-04-24 16:59:18 checking for a trade on: EUR_USD
2026-04-24 16:59:22 checking for a trade on: EUR_USD
2026-04-24 16:59:27 checking for a trade on: EUR_USD
2026-04-24 16:59:31 checking for a trade on: EUR_USD
2026-04-24 16:59:35 checking for a trade on: EUR_USD
2026-04-24 16:59:39 checking for a trade on: EUR_USD
2026-04-24 16:59:43 checking for a trade on: EUR_USD
2026-04-24 16:59:47 checking for a trade on: EUR_USD
2026-04-24 16:59:51 checking for a trade on: EUR_USD
2026-04-24 16:59:55 checking for a trade on: EUR_USD
2026-04-24 16:59:59 checking for a trade on: EUR_USD
2026-04-24 17:00:04 checking for a trade on: EUR_USD
2026-04-24 17:00:08 checking for a trade on: EUR_USD
2026-04-24 17:00:13 checking for a trade on: EUR_USD
2026-04-24 17:00:17 checking for a trade on: EUR_USD
2026-04-24 17:00:21 checking for a trade on: EUR_USD
2026-04-24 17:00:27 checking for a trade on: EUR_USD
2026-04-24 17:00:31 checking for a trade on: EUR_USD
2026-04-24 17:00:35 checking for a trade on: EUR_USD
2026-04-24 17:00:40 checking for a trade on: EUR_USD
2026-04-24 17:00:45 checking for a trade on: EUR_USD
2026-04-24 17:00:50 checking for a trade on: EUR_USD
2026-04-24 17:00:54 checking for a trade on: EUR_USD
2026-04-24 17:00:58 checking for a trade on: EUR_USD
2026-04-24 17:01:02 checking for a trade on: EUR_USD
2026-04-24 17:01:07 checking for a trade on: EUR_USD
2026-04-24 17:01:11 checking for a trade on: EUR_USD
2026-04-24 17:01:15 checking for a trade on: EUR_USD
2026-04-24 17:01:19 checking for a trade on: EUR_USD
2026-04-24 17:01:24 checking for a trade on: EUR_USD
2026-04-24 17:01:28 checking for a trade on: EUR_USD
2026-04-24 17:01:32 checking for a trade on: EUR_USD
2026-04-24 17:01:36 checking for a trade on: EUR_USD
2026-04-24 17:01:41 checking for a trade on: EUR_USD
2026-04-24 17:01:45 checking for a trade on: EUR_USD
2026-04-24 17:01:49 checking for a trade on: EUR_USD
2026-04-24 17:01:54 checking for a trade on: EUR_USD
2026-04-24 17:01:58 checking for a trade on: EUR_USD
2026-04-24 17:02:02 checking for a trade on: EUR_USD
2026-04-24 17:02:06 checking for a trade on: EUR_USD
2026-04-24 17:02:10 checking for a trade on: EUR_USD
2026-04-24 17:02:14 checking for a trade on: EUR_USD
2026-04-24 17:02:18 checking for a trade on: EUR_USD
2026-04-24 17:02:22 checking for a trade on: EUR_USD
2026-04-24 17:02:26 checking for a trade on: EUR_USD
2026-04-24 17:02:30 checking for a trade on: EUR_USD
2026-04-24 17:02:34 checking for a trade on: EUR_USD
2026-04-24 17:02:39 checking for a trade on: EUR_USD
2026-04-24 17:02:42 checking for a trade on: EUR_USD
2026-04-24 17:02:47 checking for a trade on: EUR_USD
2026-04-24 17:02:52 checking for a trade on: EUR_USD
2026-04-24 17:02:56 checking for a trade on: EUR_USD
2026-04-24 17:03:00 checking for a trade on: EUR_USD
2026-04-24 17:03:04 checking for a trade on: EUR_USD
2026-04-24 17:03:08 checking for a trade on: EUR_USD
2026-04-24 17:03:12 checking for a trade on: EUR_USD
2026-04-24 17:03:16 checking for a trade on: EUR_USD
2026-04-24 17:03:20 checking for a trade on: EUR_USD
2026-04-24 17:03:24 checking for a trade on: EUR_USD
2026-04-24 17:03:28 checking for a trade on: EUR_USD
2026-04-24 17:03:32 checking for a trade on: EUR_USD
2026-04-24 17:03:37 checking for a trade on: EUR_USD
2026-04-24 17:03:41 checking for a trade on: EUR_USD
2026-04-24 17:03:45 checking for a trade on: EUR_USD
2026-04-24 17:03:49 checking for a trade on: EUR_USD
2026-04-24 17:03:53 checking for a trade on: EUR_USD
2026-04-24 17:03:57 checking for a trade on: EUR_USD
2026-04-24 17:04:01 checking for a trade on: EUR_USD
2026-04-24 17:04:05 checking for a trade on: EUR_USD
2026-04-24 17:04:10 checking for a trade on: EUR_USD
2026-04-24 17:04:13 checking for a trade on: EUR_USD
2026-04-24 17:04:17 checking for a trade on: EUR_USD
2026-04-24 17:04:21 checking for a trade on: EUR_USD
2026-04-24 17:04:25 checking for a trade on: EUR_USD
2026-04-24 17:04:29 checking for a trade on: EUR_USD
2026-04-24 17:04:33 checking for a trade on: EUR_USD
2026-04-24 17:04:37 checking for a trade on: EUR_USD
2026-04-24 17:04:41 checking for a trade on: EUR_USD
2026-04-24 17:04:45 checking for a trade on: EUR_USD
2026-04-24 17:04:48 checking for a trade on: EUR_USD
2026-04-24 17:04:52 checking for a trade on: EUR_USD
2026-04-24 17:04:56 checking for a trade on: EUR_USD
2026-04-24 17:05:00 checking for a trade on: EUR_USD
2026-04-24 17:05:04 checking for a trade on: EUR_USD
2026-04-24 17:05:08 checking for a trade on: EUR_USD
2026-04-24 17:05:12 checking for a trade on: EUR_USD
2026-04-24 17:05:15 checking for a trade on: EUR_USD
2026-04-24 17:05:19 checking for a trade on: EUR_USD
2026-04-24 17:05:23 checking for a trade on: EUR_USD
2026-04-24 17:05:27 checking for a trade on: EUR_USD
2026-04-24 17:05:31 checking for a trade on: EUR_USD
2026-04-24 17:05:35 checking for a trade on: EUR_USD
2026-04-24 17:05:39 checking for a trade on: EUR_USD
2026-04-24 17:05:43 checking for a trade on: EUR_USD
2026-04-24 17:05:46 checking for a trade on: EUR_USD
2026-04-24 17:05:50 checking for a trade on: EUR_USD
2026-04-24 17:05:54 checking for a trade on: EUR_USD
2026-04-24 17:05:58 checking for a trade on: EUR_USD
2026-04-24 17:06:02 checking for a trade on: EUR_USD
2026-04-24 17:06:06 checking for a trade on: EUR_USD
2026-04-24 17:06:10 checking for a trade on: EUR_USD
2026-04-24 17:06:14 checking for a trade on: EUR_USD
2026-04-24 17:06:18 checking for a trade on: EUR_USD
2026-04-24 17:06:22 checking for a trade on: EUR_USD
2026-04-24 17:06:25 checking for a trade on: EUR_USD
2026-04-24 17:06:29 checking for a trade on: EUR_USD
2026-04-24 17:06:33 checking for a trade on: EUR_USD
2026-04-24 17:06:37 checking for a trade on: EUR_USD
2026-04-24 17:06:41 checking for a trade on: EUR_USD
2026-04-24 17:06:45 checking for a trade on: EUR_USD
2026-04-24 17:06:49 checking for a trade on: EUR_USD
2026-04-24 17:06:53 checking for a trade on: EUR_USD
2026-04-24 17:06:57 checking for a trade on: EUR_USD
2026-04-24 17:07:01 checking for a trade on: EUR_USD
2026-04-24 17:07:05 checking for a trade on: EUR_USD
2026-04-24 17:07:09 checking for a trade on: EUR_USD
2026-04-24 17:07:13 checking for a trade on: EUR_USD
2026-04-24 17:07:17 checking for a trade on: EUR_USD
2026-04-24 17:07:21 checking for a trade on: EUR_USD
2026-04-24 17:07:25 checking for a trade on: EUR_USD
2026-04-24 17:07:29 checking for a trade on: EUR_USD
2026-04-24 17:07:33 checking for a trade on: EUR_USD
2026-04-24 17:07:37 checking for a trade on: EUR_USD
2026-04-24 17:07:41 checking for a trade on: EUR_USD
2026-04-24 17:07:45 checking for a trade on: EUR_USD
2026-04-24 17:07:49 checking for a trade on: EUR_USD
2026-04-24 17:07:52 checking for a trade on: EUR_USD
2026-04-24 17:07:56 checking for a trade on: EUR_USD
2026-04-24 17:08:00 checking for a trade on: EUR_USD
2026-04-24 17:08:04 checking for a trade on: EUR_USD
2026-04-24 17:08:08 checking for a trade on: EUR_USD
2026-04-24 17:08:12 checking for a trade on: EUR_USD
2026-04-24 17:08:16 checking for a trade on: EUR_USD
2026-04-24 17:08:20 checking for a trade on: EUR_USD
2026-04-24 17:08:24 checking for a trade on: EUR_USD
2026-04-24 17:08:28 checking for a trade on: EUR_USD
2026-04-24 17:08:31 checking for a trade on: EUR_USD
2026-04-24 17:08:35 checking for a trade on: EUR_USD
2026-04-24 17:08:39 checking for a trade on: EUR_USD
2026-04-24 17:08:43 checking for a trade on: EUR_USD
2026-04-24 17:08:47 checking for a trade on: EUR_USD
2026-04-24 17:08:51 checking for a trade on: EUR_USD
2026-04-24 17:08:55 checking for a trade on: EUR_USD
2026-04-24 17:08:59 checking for a trade on: EUR_USD
2026-04-24 17:09:03 checking for a trade on: EUR_USD
2026-04-24 17:09:07 checking for a trade on: EUR_USD
2026-04-24 17:09:11 checking for a trade on: EUR_USD
2026-04-24 17:09:15 checking for a trade on: EUR_USD
2026-04-24 17:09:19 checking for a trade on: EUR_USD
2026-04-24 17:09:23 checking for a trade on: EUR_USD
2026-04-24 17:09:27 checking for a trade on: EUR_USD
2026-04-24 17:09:31 checking for a trade on: EUR_USD
2026-04-24 17:09:34 checking for a trade on: EUR_USD
2026-04-24 17:09:38 checking for a trade on: EUR_USD
2026-04-24 17:09:42 checking for a trade on: EUR_USD
2026-04-24 17:09:46 checking for a trade on: EUR_USD
2026-04-24 17:09:50 checking for a trade on: EUR_USD
2026-04-24 17:09:54 checking for a trade on: EUR_USD
2026-04-24 17:09:58 checking for a trade on: EUR_USD
2026-04-24 17:10:02 checking for a trade on: EUR_USD
2026-04-24 17:10:06 checking for a trade on: EUR_USD
2026-04-24 17:10:10 checking for a trade on: EUR_USD
2026-04-24 17:10:14 checking for a trade on: EUR_USD
2026-04-24 17:10:17 checking for a trade on: EUR_USD
2026-04-24 17:10:21 checking for a trade on: EUR_USD
2026-04-24 17:10:25 checking for a trade on: EUR_USD
2026-04-24 17:10:29 checking for a trade on: EUR_USD
2026-04-24 17:10:33 checking for a trade on: EUR_USD
2026-04-24 17:10:37 checking for a trade on: EUR_USD
2026-04-24 17:10:41 checking for a trade on: EUR_USD
2026-04-24 17:10:45 checking for a trade on: EUR_USD
2026-04-24 17:10:49 checking for a trade on: EUR_USD
2026-04-24 17:10:52 checking for a trade on: EUR_USD
2026-04-24 17:10:56 checking for a trade on: EUR_USD
2026-04-24 17:11:00 checking for a trade on: EUR_USD
2026-04-24 17:11:04 checking for a trade on: EUR_USD
2026-04-24 17:11:08 checking for a trade on: EUR_USD
2026-04-24 17:11:12 checking for a trade on: EUR_USD
2026-04-24 17:11:16 checking for a trade on: EUR_USD
2026-04-24 17:11:20 checking for a trade on: EUR_USD
2026-04-24 17:11:24 checking for a trade on: EUR_USD
2026-04-24 17:11:28 checking for a trade on: EUR_USD
2026-04-24 17:11:31 checking for a trade on: EUR_USD
2026-04-24 17:11:35 checking for a trade on: EUR_USD
2026-04-24 17:11:39 checking for a trade on: EUR_USD
2026-04-24 17:11:43 checking for a trade on: EUR_USD
2026-04-24 17:11:47 checking for a trade on: EUR_USD
2026-04-24 17:11:51 checking for a trade on: EUR_USD
2026-04-24 17:11:55 checking for a trade on: EUR_USD
2026-04-24 17:11:59 checking for a trade on: EUR_USD
2026-04-24 17:12:03 checking for a trade on: EUR_USD
2026-04-24 17:12:07 checking for a trade on: EUR_USD
2026-04-24 17:12:10 checking for a trade on: EUR_USD
2026-04-24 17:12:14 checking for a trade on: EUR_USD
2026-04-24 17:12:18 checking for a trade on: EUR_USD
2026-04-24 17:12:22 checking for a trade on: EUR_USD
2026-04-24 17:12:26 checking for a trade on: EUR_USD
2026-04-24 17:12:30 checking for a trade on: EUR_USD
2026-04-24 17:12:34 checking for a trade on: EUR_USD
2026-04-24 17:12:38 checking for a trade on: EUR_USD
2026-04-24 17:12:41 checking for a trade on: EUR_USD
2026-04-24 17:12:45 checking for a trade on: EUR_USD
2026-04-24 17:12:49 checking for a trade on: EUR_USD
2026-04-24 17:12:53 checking for a trade on: EUR_USD
2026-04-24 17:12:57 checking for a trade on: EUR_USD
2026-04-24 17:13:01 checking for a trade on: EUR_USD
2026-04-24 17:13:05 checking for a trade on: EUR_USD
2026-04-24 17:13:08 checking for a trade on: EUR_USD
2026-04-24 17:13:12 checking for a trade on: EUR_USD
2026-04-24 17:13:16 checking for a trade on: EUR_USD
2026-04-24 17:13:20 checking for a trade on: EUR_USD
2026-04-24 17:13:24 checking for a trade on: EUR_USD
2026-04-24 17:13:28 checking for a trade on: EUR_USD
2026-04-24 17:13:32 checking for a trade on: EUR_USD
2026-04-24 17:13:35 checking for a trade on: EUR_USD
2026-04-24 17:13:39 checking for a trade on: EUR_USD
2026-04-24 17:13:43 checking for a trade on: EUR_USD
2026-04-24 17:13:47 checking for a trade on: EUR_USD
2026-04-24 17:13:51 checking for a trade on: EUR_USD
2026-04-24 17:13:55 checking for a trade on: EUR_USD
2026-04-24 17:13:59 checking for a trade on: EUR_USD
2026-04-24 17:14:03 checking for a trade on: EUR_USD
2026-04-24 17:14:07 checking for a trade on: EUR_USD
2026-04-24 17:14:11 checking for a trade on: EUR_USD
2026-04-24 17:14:15 checking for a trade on: EUR_USD
2026-04-24 17:14:19 checking for a trade on: EUR_USD
2026-04-24 17:14:22 checking for a trade on: EUR_USD
2026-04-24 17:14:26 checking for a trade on: EUR_USD
2026-04-24 17:14:31 checking for a trade on: EUR_USD
2026-04-24 17:14:34 checking for a trade on: EUR_USD
2026-04-24 17:14:38 checking for a trade on: EUR_USD
2026-04-24 17:14:42 checking for a trade on: EUR_USD
2026-04-24 17:14:46 checking for a trade on: EUR_USD
2026-04-24 17:14:50 checking for a trade on: EUR_USD
2026-04-24 17:14:54 checking for a trade on: EUR_USD
2026-04-24 17:14:58 checking for a trade on: EUR_USD
2026-04-24 17:15:02 checking for a trade on: EUR_USD
2026-04-24 17:15:06 checking for a trade on: EUR_USD
2026-04-24 17:15:10 checking for a trade on: EUR_USD
2026-04-24 17:15:14 checking for a trade on: EUR_USD
2026-04-24 17:15:18 checking for a trade on: EUR_USD
2026-04-24 17:15:22 checking for a trade on: EUR_USD
2026-04-24 17:15:26 checking for a trade on: EUR_USD
2026-04-24 17:15:30 checking for a trade on: EUR_USD
2026-04-24 17:15:34 checking for a trade on: EUR_USD
2026-04-24 17:15:37 checking for a trade on: EUR_USD
2026-04-24 17:15:41 checking for a trade on: EUR_USD
2026-04-24 17:15:45 checking for a trade on: EUR_USD
2026-04-24 17:15:49 checking for a trade on: EUR_USD
2026-04-24 17:15:53 checking for a trade on: EUR_USD
2026-04-24 17:15:57 checking for a trade on: EUR_USD
2026-04-24 17:16:01 checking for a trade on: EUR_USD
2026-04-24 17:16:05 checking for a trade on: EUR_USD
2026-04-24 17:16:08 checking for a trade on: EUR_USD
2026-04-24 17:16:12 checking for a trade on: EUR_USD
2026-04-24 17:16:16 checking for a trade on: EUR_USD
2026-04-24 17:16:20 checking for a trade on: EUR_USD
2026-04-24 17:16:24 checking for a trade on: EUR_USD
2026-04-24 17:16:28 checking for a trade on: EUR_USD
2026-04-24 17:16:32 checking for a trade on: EUR_USD
2026-04-24 17:16:36 checking for a trade on: EUR_USD
2026-04-24 17:16:40 checking for a trade on: EUR_USD
2026-04-24 17:16:44 checking for a trade on: EUR_USD
2026-04-24 17:16:48 checking for a trade on: EUR_USD
2026-04-24 17:16:51 checking for a trade on: EUR_USD
2026-04-24 17:16:55 checking for a trade on: EUR_USD
2026-04-24 17:16:59 checking for a trade on: EUR_USD
2026-04-24 17:17:03 checking for a trade on: EUR_USD
2026-04-24 17:17:07 checking for a trade on: EUR_USD
2026-04-24 17:17:11 checking for a trade on: EUR_USD
2026-04-24 17:17:15 checking for a trade on: EUR_USD
2026-04-24 17:17:19 checking for a trade on: EUR_USD
2026-04-24 17:17:23 checking for a trade on: EUR_USD
2026-04-24 17:17:27 checking for a trade on: EUR_USD
2026-04-24 17:17:31 checking for a trade on: EUR_USD
2026-04-24 17:17:35 checking for a trade on: EUR_USD
2026-04-24 17:17:38 checking for a trade on: EUR_USD
2026-04-24 17:17:42 checking for a trade on: EUR_USD
2026-04-24 17:17:46 checking for a trade on: EUR_USD
2026-04-24 17:17:50 checking for a trade on: EUR_USD
2026-04-24 17:17:54 checking for a trade on: EUR_USD
2026-04-24 17:17:58 checking for a trade on: EUR_USD
2026-04-24 17:18:02 checking for a trade on: EUR_USD
2026-04-24 17:18:06 checking for a trade on: EUR_USD
2026-04-24 17:18:10 checking for a trade on: EUR_USD
2026-04-24 17:18:14 checking for a trade on: EUR_USD
2026-04-24 17:18:18 checking for a trade on: EUR_USD
2026-04-24 17:18:22 checking for a trade on: EUR_USD
2026-04-24 17:18:26 checking for a trade on: EUR_USD
2026-04-24 17:18:29 checking for a trade on: EUR_USD
2026-04-24 17:18:33 checking for a trade on: EUR_USD
2026-04-24 17:18:37 checking for a trade on: EUR_USD
2026-04-24 17:18:41 checking for a trade on: EUR_USD
2026-04-24 17:18:45 checking for a trade on: EUR_USD
2026-04-24 17:18:49 checking for a trade on: EUR_USD
2026-04-24 17:18:53 checking for a trade on: EUR_USD
2026-04-24 17:18:57 checking for a trade on: EUR_USD
2026-04-24 17:19:00 checking for a trade on: EUR_USD
2026-04-24 17:19:04 checking for a trade on: EUR_USD
2026-04-24 17:19:08 checking for a trade on: EUR_USD
2026-04-24 17:19:12 checking for a trade on: EUR_USD
2026-04-24 17:19:16 checking for a trade on: EUR_USD
2026-04-24 17:19:20 checking for a trade on: EUR_USD
2026-04-24 17:19:24 checking for a trade on: EUR_USD
2026-04-24 17:19:27 checking for a trade on: EUR_USD
2026-04-24 17:19:32 checking for a trade on: EUR_USD
2026-04-24 17:19:36 checking for a trade on: EUR_USD
2026-04-24 17:19:40 checking for a trade on: EUR_USD
2026-04-24 17:19:44 checking for a trade on: EUR_USD
2026-04-24 17:19:48 checking for a trade on: EUR_USD
2026-04-24 17:19:52 checking for a trade on: EUR_USD
2026-04-24 17:19:56 checking for a trade on: EUR_USD
2026-04-24 17:20:00 checking for a trade on: EUR_USD
2026-04-24 17:20:03 checking for a trade on: EUR_USD
2026-04-24 17:20:07 checking for a trade on: EUR_USD
2026-04-24 17:20:11 checking for a trade on: EUR_USD
2026-04-24 17:20:15 checking for a trade on: EUR_USD
2026-04-24 17:20:19 checking for a trade on: EUR_USD
2026-04-24 17:20:23 checking for a trade on: EUR_USD
2026-04-24 17:20:27 checking for a trade on: EUR_USD
2026-04-24 17:20:31 checking for a trade on: EUR_USD
2026-04-24 17:20:35 checking for a trade on: EUR_USD
2026-04-24 17:20:39 checking for a trade on: EUR_USD
2026-04-24 17:20:42 checking for a trade on: EUR_USD
2026-04-24 17:20:46 checking for a trade on: EUR_USD
2026-04-24 17:20:50 checking for a trade on: EUR_USD
2026-04-24 17:20:54 checking for a trade on: EUR_USD
2026-04-24 17:20:58 checking for a trade on: EUR_USD
2026-04-24 17:21:02 checking for a trade on: EUR_USD
2026-04-24 17:21:06 checking for a trade on: EUR_USD
2026-04-24 17:21:10 checking for a trade on: EUR_USD
2026-04-24 17:21:14 checking for a trade on: EUR_USD
2026-04-24 17:21:17 checking for a trade on: EUR_USD
2026-04-24 17:21:21 checking for a trade on: EUR_USD
2026-04-24 17:21:25 checking for a trade on: EUR_USD
2026-04-24 17:21:29 checking for a trade on: EUR_USD
2026-04-24 17:21:33 checking for a trade on: EUR_USD
2026-04-24 17:21:37 checking for a trade on: EUR_USD
2026-04-24 17:21:41 checking for a trade on: EUR_USD
2026-04-24 17:21:45 checking for a trade on: EUR_USD
2026-04-24 17:21:49 checking for a trade on: EUR_USD
2026-04-24 17:21:53 checking for a trade on: EUR_USD
2026-04-24 17:21:57 checking for a trade on: EUR_USD
2026-04-24 17:22:01 checking for a trade on: EUR_USD
2026-04-24 17:22:05 checking for a trade on: EUR_USD
2026-04-24 17:22:09 checking for a trade on: EUR_USD
2026-04-24 17:22:12 checking for a trade on: EUR_USD
2026-04-24 17:22:16 checking for a trade on: EUR_USD
2026-04-24 17:22:20 checking for a trade on: EUR_USD
2026-04-24 17:22:24 checking for a trade on: EUR_USD
2026-04-24 17:22:28 checking for a trade on: EUR_USD
2026-04-24 17:22:32 checking for a trade on: EUR_USD
2026-04-24 17:22:36 checking for a trade on: EUR_USD
2026-04-24 17:22:40 checking for a trade on: EUR_USD
2026-04-24 17:22:43 checking for a trade on: EUR_USD
2026-04-24 17:22:47 checking for a trade on: EUR_USD
2026-04-24 17:22:51 checking for a trade on: EUR_USD
2026-04-24 17:22:55 checking for a trade on: EUR_USD
2026-04-24 17:22:59 checking for a trade on: EUR_USD
2026-04-24 17:23:03 checking for a trade on: EUR_USD
2026-04-24 17:23:07 checking for a trade on: EUR_USD
2026-04-24 17:23:11 checking for a trade on: EUR_USD
2026-04-24 17:23:15 checking for a trade on: EUR_USD
2026-04-24 17:23:18 checking for a trade on: EUR_USD
2026-04-24 17:23:22 checking for a trade on: EUR_USD
2026-04-24 17:23:26 checking for a trade on: EUR_USD
2026-04-24 17:23:31 checking for a trade on: EUR_USD
2026-04-24 17:23:35 checking for a trade on: EUR_USD
2026-04-24 17:23:39 checking for a trade on: EUR_USD
2026-04-24 17:23:43 checking for a trade on: EUR_USD
2026-04-24 17:23:47 checking for a trade on: EUR_USD
2026-04-24 17:23:51 checking for a trade on: EUR_USD
2026-04-24 17:23:55 checking for a trade on: EUR_USD
2026-04-24 17:23:59 checking for a trade on: EUR_USD
2026-04-24 17:24:03 checking for a trade on: EUR_USD
2026-04-24 17:24:06 checking for a trade on: EUR_USD
2026-04-24 17:24:11 checking for a trade on: EUR_USD
2026-04-24 17:24:14 checking for a trade on: EUR_USD
2026-04-24 17:24:19 checking for a trade on: EUR_USD
2026-04-24 17:24:23 checking for a trade on: EUR_USD
2026-04-24 17:24:27 checking for a trade on: EUR_USD
2026-04-24 17:24:31 checking for a trade on: EUR_USD
2026-04-24 17:24:35 checking for a trade on: EUR_USD
2026-04-24 17:24:39 checking for a trade on: EUR_USD
2026-04-24 17:24:43 checking for a trade on: EUR_USD
2026-04-24 17:24:47 checking for a trade on: EUR_USD
2026-04-24 17:24:51 checking for a trade on: EUR_USD
2026-04-24 17:24:55 checking for a trade on: EUR_USD
2026-04-24 17:24:59 checking for a trade on: EUR_USD
2026-04-24 17:25:03 checking for a trade on: EUR_USD
2026-04-24 17:25:07 checking for a trade on: EUR_USD
2026-04-24 17:25:11 checking for a trade on: EUR_USD
2026-04-24 17:25:15 checking for a trade on: EUR_USD
2026-04-24 17:25:19 checking for a trade on: EUR_USD
2026-04-24 17:25:23 checking for a trade on: EUR_USD
2026-04-24 17:25:27 checking for a trade on: EUR_USD
2026-04-24 17:25:31 checking for a trade on: EUR_USD
2026-04-24 17:25:35 checking for a trade on: EUR_USD
2026-04-24 17:25:39 checking for a trade on: EUR_USD
2026-04-24 17:25:43 checking for a trade on: EUR_USD
2026-04-24 17:25:47 checking for a trade on: EUR_USD
2026-04-24 17:25:51 checking for a trade on: EUR_USD
2026-04-24 17:25:55 checking for a trade on: EUR_USD
2026-04-24 17:25:59 checking for a trade on: EUR_USD
2026-04-24 17:26:03 checking for a trade on: EUR_USD
2026-04-24 17:26:07 checking for a trade on: EUR_USD
2026-04-24 17:26:11 checking for a trade on: EUR_USD
2026-04-24 17:26:15 checking for a trade on: EUR_USD
2026-04-24 17:26:18 checking for a trade on: EUR_USD
2026-04-24 17:26:22 checking for a trade on: EUR_USD
2026-04-24 17:26:26 checking for a trade on: EUR_USD
2026-04-24 17:26:30 checking for a trade on: EUR_USD
2026-04-24 17:26:34 checking for a trade on: EUR_USD
2026-04-24 17:26:38 checking for a trade on: EUR_USD
2026-04-24 17:26:42 checking for a trade on: EUR_USD
2026-04-24 17:26:46 checking for a trade on: EUR_USD
2026-04-24 17:26:50 checking for a trade on: EUR_USD
2026-04-24 17:26:54 checking for a trade on: EUR_USD
2026-04-24 17:26:58 checking for a trade on: EUR_USD
2026-04-24 17:27:02 checking for a trade on: EUR_USD
2026-04-24 17:27:06 checking for a trade on: EUR_USD
2026-04-24 17:27:10 checking for a trade on: EUR_USD
2026-04-24 17:27:14 checking for a trade on: EUR_USD
2026-04-24 17:27:18 checking for a trade on: EUR_USD
2026-04-24 17:27:22 checking for a trade on: EUR_USD
2026-04-24 17:27:26 checking for a trade on: EUR_USD
2026-04-24 17:27:30 checking for a trade on: EUR_USD
2026-04-24 17:27:34 checking for a trade on: EUR_USD
2026-04-24 17:27:38 checking for a trade on: EUR_USD
2026-04-24 17:27:42 checking for a trade on: EUR_USD
2026-04-24 17:27:46 checking for a trade on: EUR_USD
2026-04-24 17:27:50 checking for a trade on: EUR_USD
2026-04-24 17:27:54 checking for a trade on: EUR_USD
2026-04-24 17:27:58 checking for a trade on: EUR_USD
2026-04-24 17:28:02 checking for a trade on: EUR_USD
2026-04-24 17:28:06 checking for a trade on: EUR_USD
2026-04-24 17:28:10 checking for a trade on: EUR_USD
2026-04-24 17:28:14 checking for a trade on: EUR_USD
2026-04-24 17:28:18 checking for a trade on: EUR_USD
2026-04-24 17:28:22 checking for a trade on: EUR_USD
2026-04-24 17:28:26 checking for a trade on: EUR_USD
2026-04-24 17:28:29 checking for a trade on: EUR_USD
2026-04-24 17:28:34 checking for a trade on: EUR_USD
2026-04-24 17:28:38 checking for a trade on: EUR_USD
2026-04-24 17:28:42 checking for a trade on: EUR_USD
2026-04-24 17:28:46 checking for a trade on: EUR_USD
2026-04-24 17:28:49 checking for a trade on: EUR_USD
2026-04-24 17:28:53 checking for a trade on: EUR_USD
2026-04-24 17:28:57 checking for a trade on: EUR_USD
2026-04-24 17:29:01 checking for a trade on: EUR_USD
2026-04-24 17:29:05 checking for a trade on: EUR_USD
2026-04-24 17:29:09 checking for a trade on: EUR_USD
2026-04-24 17:29:13 checking for a trade on: EUR_USD
2026-04-24 17:29:17 checking for a trade on: EUR_USD
2026-04-24 17:29:21 checking for a trade on: EUR_USD
2026-04-24 17:29:25 checking for a trade on: EUR_USD
2026-04-24 17:29:29 checking for a trade on: EUR_USD
2026-04-24 17:29:33 checking for a trade on: EUR_USD
2026-04-24 17:29:37 checking for a trade on: EUR_USD
2026-04-24 17:29:41 checking for a trade on: EUR_USD
2026-04-24 17:29:45 checking for a trade on: EUR_USD
2026-04-24 17:29:49 checking for a trade on: EUR_USD
2026-04-24 17:29:53 checking for a trade on: EUR_USD
2026-04-24 17:29:57 checking for a trade on: EUR_USD
2026-04-24 17:30:01 checking for a trade on: EUR_USD
2026-04-24 17:30:05 checking for a trade on: EUR_USD
2026-04-24 17:30:09 checking for a trade on: EUR_USD
2026-04-24 17:30:13 checking for a trade on: EUR_USD
2026-04-24 17:30:17 checking for a trade on: EUR_USD
2026-04-24 17:30:21 checking for a trade on: EUR_USD
2026-04-24 17:30:25 checking for a trade on: EUR_USD
2026-04-24 17:30:29 checking for a trade on: EUR_USD
2026-04-24 17:30:33 checking for a trade on: EUR_USD
2026-04-24 17:30:37 checking for a trade on: EUR_USD
2026-04-24 17:30:41 checking for a trade on: EUR_USD
2026-04-24 17:30:45 checking for a trade on: EUR_USD
2026-04-24 17:30:48 checking for a trade on: EUR_USD
2026-04-24 17:30:52 checking for a trade on: EUR_USD
2026-04-24 17:30:56 checking for a trade on: EUR_USD
2026-04-24 17:31:00 checking for a trade on: EUR_USD
2026-04-24 17:31:04 checking for a trade on: EUR_USD
2026-04-24 17:31:08 checking for a trade on: EUR_USD
2026-04-24 17:31:12 checking for a trade on: EUR_USD
2026-04-24 17:31:16 checking for a trade on: EUR_USD
2026-04-24 17:31:20 checking for a trade on: EUR_USD
2026-04-24 17:31:24 checking for a trade on: EUR_USD
2026-04-24 17:31:28 checking for a trade on: EUR_USD
2026-04-24 17:31:32 checking for a trade on: EUR_USD
2026-04-24 17:31:36 checking for a trade on: EUR_USD
2026-04-24 17:31:40 checking for a trade on: EUR_USD
2026-04-24 17:31:44 checking for a trade on: EUR_USD
2026-04-24 17:31:47 checking for a trade on: EUR_USD
2026-04-24 17:31:51 checking for a trade on: EUR_USD
2026-04-24 17:31:55 checking for a trade on: EUR_USD
2026-04-24 17:31:59 checking for a trade on: EUR_USD
2026-04-24 17:32:03 checking for a trade on: EUR_USD
2026-04-24 17:32:07 checking for a trade on: EUR_USD
2026-04-24 17:32:11 checking for a trade on: EUR_USD
2026-04-24 17:32:15 checking for a trade on: EUR_USD
2026-04-24 17:32:19 checking for a trade on: EUR_USD
2026-04-24 17:32:22 checking for a trade on: EUR_USD
2026-04-24 17:32:26 checking for a trade on: EUR_USD
2026-04-24 17:32:30 checking for a trade on: EUR_USD
2026-04-24 17:32:34 checking for a trade on: EUR_USD
2026-04-24 17:32:38 checking for a trade on: EUR_USD
2026-04-24 17:32:42 checking for a trade on: EUR_USD
2026-04-24 17:32:46 checking for a trade on: EUR_USD
2026-04-24 17:32:50 checking for a trade on: EUR_USD
2026-04-24 17:32:54 checking for a trade on: EUR_USD
2026-04-24 17:32:58 checking for a trade on: EUR_USD
2026-04-24 17:33:02 checking for a trade on: EUR_USD
2026-04-24 17:33:06 checking for a trade on: EUR_USD
2026-04-24 17:33:10 checking for a trade on: EUR_USD
2026-04-24 17:33:14 checking for a trade on: EUR_USD
2026-04-24 17:33:18 checking for a trade on: EUR_USD
2026-04-24 17:33:22 checking for a trade on: EUR_USD
2026-04-24 17:33:26 checking for a trade on: EUR_USD
2026-04-24 17:33:30 checking for a trade on: EUR_USD
2026-04-24 17:33:34 checking for a trade on: EUR_USD
2026-04-24 17:33:38 checking for a trade on: EUR_USD
2026-04-24 17:33:41 checking for a trade on: EUR_USD
2026-04-24 17:33:45 checking for a trade on: EUR_USD
2026-04-24 17:33:49 checking for a trade on: EUR_USD
2026-04-24 17:33:53 checking for a trade on: EUR_USD
2026-04-24 17:33:57 checking for a trade on: EUR_USD
2026-04-24 17:34:01 checking for a trade on: EUR_USD
2026-04-24 17:34:05 checking for a trade on: EUR_USD
2026-04-24 17:34:09 checking for a trade on: EUR_USD
2026-04-24 17:34:13 checking for a trade on: EUR_USD
2026-04-24 17:34:17 checking for a trade on: EUR_USD
2026-04-24 17:34:21 checking for a trade on: EUR_USD
2026-04-24 17:34:25 checking for a trade on: EUR_USD
2026-04-24 17:34:29 checking for a trade on: EUR_USD
2026-04-24 17:34:32 checking for a trade on: EUR_USD
2026-04-24 17:34:36 checking for a trade on: EUR_USD
2026-04-24 17:34:40 checking for a trade on: EUR_USD
2026-04-24 17:34:44 checking for a trade on: EUR_USD
2026-04-24 17:34:48 checking for a trade on: EUR_USD
2026-04-24 17:34:52 checking for a trade on: EUR_USD
2026-04-24 17:34:56 checking for a trade on: EUR_USD
2026-04-24 17:35:00 checking for a trade on: EUR_USD
2026-04-24 17:35:03 checking for a trade on: EUR_USD
2026-04-24 17:35:08 checking for a trade on: EUR_USD
2026-04-24 17:35:12 checking for a trade on: EUR_USD
2026-04-24 17:35:16 checking for a trade on: EUR_USD
2026-04-24 17:35:20 checking for a trade on: EUR_USD
2026-04-24 17:35:24 checking for a trade on: EUR_USD
2026-04-24 17:35:28 checking for a trade on: EUR_USD
2026-04-24 17:35:32 checking for a trade on: EUR_USD
2026-04-24 17:35:36 checking for a trade on: EUR_USD
2026-04-24 17:35:40 checking for a trade on: EUR_USD
2026-04-24 17:35:44 checking for a trade on: EUR_USD
2026-04-24 17:35:48 checking for a trade on: EUR_USD
2026-04-24 17:35:52 checking for a trade on: EUR_USD
2026-04-24 17:35:55 checking for a trade on: EUR_USD
2026-04-24 17:35:59 checking for a trade on: EUR_USD
2026-04-24 17:36:03 checking for a trade on: EUR_USD
2026-04-24 17:36:07 checking for a trade on: EUR_USD
2026-04-24 17:36:11 checking for a trade on: EUR_USD
2026-04-24 17:36:15 checking for a trade on: EUR_USD
2026-04-24 17:36:19 checking for a trade on: EUR_USD
2026-04-24 17:36:23 checking for a trade on: EUR_USD
2026-04-24 17:36:27 checking for a trade on: EUR_USD
2026-04-24 17:36:30 checking for a trade on: EUR_USD
2026-04-24 17:36:34 checking for a trade on: EUR_USD
2026-04-24 17:36:38 checking for a trade on: EUR_USD
2026-04-24 17:36:42 checking for a trade on: EUR_USD
2026-04-24 17:36:46 checking for a trade on: EUR_USD
2026-04-24 17:36:50 checking for a trade on: EUR_USD
2026-04-24 17:36:54 checking for a trade on: EUR_USD
2026-04-24 17:36:58 checking for a trade on: EUR_USD
2026-04-24 17:37:02 checking for a trade on: EUR_USD
2026-04-24 17:37:05 checking for a trade on: EUR_USD
2026-04-24 17:37:09 checking for a trade on: EUR_USD
2026-04-24 17:37:13 checking for a trade on: EUR_USD
2026-04-24 17:37:17 checking for a trade on: EUR_USD
2026-04-24 17:37:21 checking for a trade on: EUR_USD
2026-04-24 17:37:25 checking for a trade on: EUR_USD
2026-04-24 17:37:29 checking for a trade on: EUR_USD
2026-04-24 17:37:33 checking for a trade on: EUR_USD
2026-04-24 17:37:37 checking for a trade on: EUR_USD
2026-04-24 17:37:41 checking for a trade on: EUR_USD
2026-04-24 17:37:45 checking for a trade on: EUR_USD
2026-04-24 17:37:49 checking for a trade on: EUR_USD
2026-04-24 17:37:53 checking for a trade on: EUR_USD
2026-04-24 17:37:57 checking for a trade on: EUR_USD
2026-04-24 17:38:01 checking for a trade on: EUR_USD
2026-04-24 17:38:05 checking for a trade on: EUR_USD
2026-04-24 17:38:09 checking for a trade on: EUR_USD
2026-04-24 17:38:13 checking for a trade on: EUR_USD
2026-04-24 17:38:17 checking for a trade on: EUR_USD
2026-04-24 17:38:20 checking for a trade on: EUR_USD
2026-04-24 17:38:25 checking for a trade on: EUR_USD
2026-04-24 17:38:28 checking for a trade on: EUR_USD
2026-04-24 17:38:32 checking for a trade on: EUR_USD
2026-04-24 17:38:36 checking for a trade on: EUR_USD
2026-04-24 17:38:40 checking for a trade on: EUR_USD
2026-04-24 17:38:44 checking for a trade on: EUR_USD
2026-04-24 17:38:48 checking for a trade on: EUR_USD
2026-04-24 17:38:52 checking for a trade on: EUR_USD
2026-04-24 17:38:56 checking for a trade on: EUR_USD
2026-04-24 17:39:00 checking for a trade on: EUR_USD
2026-04-24 17:39:04 checking for a trade on: EUR_USD
2026-04-24 17:39:07 checking for a trade on: EUR_USD
2026-04-24 17:39:12 checking for a trade on: EUR_USD
2026-04-24 17:39:16 checking for a trade on: EUR_USD
2026-04-24 17:39:19 checking for a trade on: EUR_USD
2026-04-24 17:39:23 checking for a trade on: EUR_USD
2026-04-24 17:39:27 checking for a trade on: EUR_USD
2026-04-24 17:39:31 checking for a trade on: EUR_USD
2026-04-24 17:39:35 checking for a trade on: EUR_USD
2026-04-24 17:39:39 checking for a trade on: EUR_USD
2026-04-24 17:39:43 checking for a trade on: EUR_USD
2026-04-24 17:39:47 checking for a trade on: EUR_USD
2026-04-24 17:39:51 checking for a trade on: EUR_USD
2026-04-24 17:39:55 checking for a trade on: EUR_USD
2026-04-24 17:39:58 checking for a trade on: EUR_USD
2026-04-24 17:40:02 checking for a trade on: EUR_USD
2026-04-24 17:40:06 checking for a trade on: EUR_USD
2026-04-24 17:40:11 checking for a trade on: EUR_USD
2026-04-24 17:40:15 checking for a trade on: EUR_USD
2026-04-24 17:40:18 checking for a trade on: EUR_USD
2026-04-24 17:40:22 checking for a trade on: EUR_USD
2026-04-24 17:40:26 checking for a trade on: EUR_USD
2026-04-24 17:40:31 checking for a trade on: EUR_USD
2026-04-24 17:40:34 checking for a trade on: EUR_USD
2026-04-24 17:40:38 checking for a trade on: EUR_USD
2026-04-24 17:40:42 checking for a trade on: EUR_USD
2026-04-24 17:40:46 checking for a trade on: EUR_USD
2026-04-24 17:40:50 checking for a trade on: EUR_USD
2026-04-24 17:40:55 checking for a trade on: EUR_USD
2026-04-24 17:40:59 checking for a trade on: EUR_USD
2026-04-24 17:41:03 checking for a trade on: EUR_USD
2026-04-24 17:41:07 checking for a trade on: EUR_USD
2026-04-24 17:41:10 checking for a trade on: EUR_USD
2026-04-24 17:41:14 checking for a trade on: EUR_USD
2026-04-24 17:41:18 checking for a trade on: EUR_USD
2026-04-24 17:41:22 checking for a trade on: EUR_USD
2026-04-24 17:41:26 checking for a trade on: EUR_USD
2026-04-24 17:41:30 checking for a trade on: EUR_USD
2026-04-24 17:41:34 checking for a trade on: EUR_USD
2026-04-24 17:41:38 checking for a trade on: EUR_USD
2026-04-24 17:41:42 checking for a trade on: EUR_USD
2026-04-24 17:41:45 checking for a trade on: EUR_USD
2026-04-24 17:41:49 checking for a trade on: EUR_USD
2026-04-24 17:41:54 checking for a trade on: EUR_USD
2026-04-24 17:41:58 checking for a trade on: EUR_USD
2026-04-24 17:42:02 checking for a trade on: EUR_USD
2026-04-24 17:42:06 checking for a trade on: EUR_USD
2026-04-24 17:42:10 checking for a trade on: EUR_USD
2026-04-24 17:42:13 checking for a trade on: EUR_USD
2026-04-24 17:42:17 checking for a trade on: EUR_USD
2026-04-24 17:42:21 checking for a trade on: EUR_USD
2026-04-24 17:42:25 checking for a trade on: EUR_USD
2026-04-24 17:42:29 checking for a trade on: EUR_USD
2026-04-24 17:42:33 checking for a trade on: EUR_USD
2026-04-24 17:42:37 checking for a trade on: EUR_USD
2026-04-24 17:42:41 checking for a trade on: EUR_USD
2026-04-24 17:42:45 checking for a trade on: EUR_USD
2026-04-24 17:42:49 checking for a trade on: EUR_USD
2026-04-24 17:42:53 checking for a trade on: EUR_USD
2026-04-24 17:42:57 checking for a trade on: EUR_USD
2026-04-24 17:43:01 checking for a trade on: EUR_USD
2026-04-24 17:43:05 checking for a trade on: EUR_USD
2026-04-24 17:43:09 checking for a trade on: EUR_USD
2026-04-24 17:43:13 checking for a trade on: EUR_USD
2026-04-24 17:43:17 checking for a trade on: EUR_USD
2026-04-24 17:43:21 checking for a trade on: EUR_USD
2026-04-24 17:43:24 checking for a trade on: EUR_USD
2026-04-24 17:43:28 checking for a trade on: EUR_USD
2026-04-24 17:43:32 checking for a trade on: EUR_USD
2026-04-24 17:43:36 checking for a trade on: EUR_USD
2026-04-24 17:43:40 checking for a trade on: EUR_USD
2026-04-24 17:43:44 checking for a trade on: EUR_USD
2026-04-24 17:43:48 checking for a trade on: EUR_USD
2026-04-24 17:43:52 checking for a trade on: EUR_USD
2026-04-24 17:43:56 checking for a trade on: EUR_USD
2026-04-24 17:44:00 checking for a trade on: EUR_USD
2026-04-24 17:44:04 checking for a trade on: EUR_USD
2026-04-24 17:44:08 checking for a trade on: EUR_USD
2026-04-24 17:44:12 checking for a trade on: EUR_USD
2026-04-24 17:44:16 checking for a trade on: EUR_USD
2026-04-24 17:44:20 checking for a trade on: EUR_USD
2026-04-24 17:44:24 checking for a trade on: EUR_USD
2026-04-24 17:44:28 checking for a trade on: EUR_USD
2026-04-24 17:44:32 checking for a trade on: EUR_USD
2026-04-24 17:44:36 checking for a trade on: EUR_USD
2026-04-24 17:44:40 checking for a trade on: EUR_USD
2026-04-24 17:44:44 checking for a trade on: EUR_USD
2026-04-24 17:44:48 checking for a trade on: EUR_USD
2026-04-24 17:44:52 checking for a trade on: EUR_USD
2026-04-24 17:44:55 checking for a trade on: EUR_USD
2026-04-24 17:44:59 checking for a trade on: EUR_USD
2026-04-24 17:45:03 checking for a trade on: EUR_USD
2026-04-24 17:45:07 checking for a trade on: EUR_USD
2026-04-24 17:45:11 checking for a trade on: EUR_USD
2026-04-24 17:45:15 checking for a trade on: EUR_USD
2026-04-24 17:45:20 checking for a trade on: EUR_USD
2026-04-24 17:45:24 checking for a trade on: EUR_USD
2026-04-24 17:45:28 checking for a trade on: EUR_USD
2026-04-24 17:45:32 checking for a trade on: EUR_USD
2026-04-24 17:45:36 checking for a trade on: EUR_USD
2026-04-24 17:45:40 checking for a trade on: EUR_USD
2026-04-24 17:45:44 checking for a trade on: EUR_USD
2026-04-24 17:45:48 checking for a trade on: EUR_USD
2026-04-24 17:45:52 checking for a trade on: EUR_USD
2026-04-24 17:45:56 checking for a trade on: EUR_USD
2026-04-24 17:45:59 checking for a trade on: EUR_USD
2026-04-24 17:46:03 checking for a trade on: EUR_USD
2026-04-24 17:46:07 checking for a trade on: EUR_USD
2026-04-24 17:46:11 checking for a trade on: EUR_USD
2026-04-24 17:46:15 checking for a trade on: EUR_USD
2026-04-24 17:46:19 checking for a trade on: EUR_USD
2026-04-24 17:46:23 checking for a trade on: EUR_USD
2026-04-24 17:46:27 checking for a trade on: EUR_USD
2026-04-24 17:46:31 checking for a trade on: EUR_USD
2026-04-24 17:46:35 checking for a trade on: EUR_USD
2026-04-24 17:46:38 checking for a trade on: EUR_USD
2026-04-24 17:46:42 checking for a trade on: EUR_USD
2026-04-24 17:46:46 checking for a trade on: EUR_USD
2026-04-24 17:46:50 checking for a trade on: EUR_USD
2026-04-24 17:46:54 checking for a trade on: EUR_USD
2026-04-24 17:46:58 checking for a trade on: EUR_USD
2026-04-24 17:47:02 checking for a trade on: EUR_USD
2026-04-24 17:47:06 checking for a trade on: EUR_USD
2026-04-24 17:47:10 checking for a trade on: EUR_USD
2026-04-24 17:47:14 checking for a trade on: EUR_USD
2026-04-24 17:47:18 checking for a trade on: EUR_USD
2026-04-24 17:47:22 checking for a trade on: EUR_USD
2026-04-24 17:47:26 checking for a trade on: EUR_USD
2026-04-24 17:47:30 checking for a trade on: EUR_USD
2026-04-24 17:47:34 checking for a trade on: EUR_USD
2026-04-24 17:47:38 checking for a trade on: EUR_USD
2026-04-24 17:47:42 checking for a trade on: EUR_USD
2026-04-24 17:47:46 checking for a trade on: EUR_USD
2026-04-24 17:47:50 checking for a trade on: EUR_USD
2026-04-24 17:47:53 checking for a trade on: EUR_USD
2026-04-24 17:47:57 checking for a trade on: EUR_USD
2026-04-24 17:48:01 checking for a trade on: EUR_USD
2026-04-24 17:48:05 checking for a trade on: EUR_USD
2026-04-24 17:48:09 checking for a trade on: EUR_USD
2026-04-24 17:48:13 checking for a trade on: EUR_USD
2026-04-24 17:48:17 checking for a trade on: EUR_USD
2026-04-24 17:48:21 checking for a trade on: EUR_USD
2026-04-24 17:48:25 checking for a trade on: EUR_USD
2026-04-24 17:48:29 checking for a trade on: EUR_USD
2026-04-24 17:48:33 checking for a trade on: EUR_USD
2026-04-24 17:48:36 checking for a trade on: EUR_USD
2026-04-24 17:48:40 checking for a trade on: EUR_USD
2026-04-24 17:48:45 checking for a trade on: EUR_USD
2026-04-24 17:48:48 checking for a trade on: EUR_USD
2026-04-24 17:48:52 checking for a trade on: EUR_USD
2026-04-24 17:48:56 checking for a trade on: EUR_USD
2026-04-24 17:49:00 checking for a trade on: EUR_USD
2026-04-24 17:49:05 checking for a trade on: EUR_USD
2026-04-24 17:49:09 checking for a trade on: EUR_USD
2026-04-24 17:49:13 checking for a trade on: EUR_USD
2026-04-24 17:49:17 checking for a trade on: EUR_USD
2026-04-24 17:49:21 checking for a trade on: EUR_USD
2026-04-24 17:49:25 checking for a trade on: EUR_USD
2026-04-24 17:49:29 checking for a trade on: EUR_USD
2026-04-24 17:49:34 checking for a trade on: EUR_USD
2026-04-24 17:49:38 checking for a trade on: EUR_USD
2026-04-24 17:49:42 checking for a trade on: EUR_USD
2026-04-24 17:49:46 checking for a trade on: EUR_USD
2026-04-24 17:49:50 checking for a trade on: EUR_USD
2026-04-24 17:49:54 checking for a trade on: EUR_USD
2026-04-24 17:49:59 checking for a trade on: EUR_USD
2026-04-24 17:50:03 checking for a trade on: EUR_USD
2026-04-24 17:50:07 checking for a trade on: EUR_USD
2026-04-24 17:50:11 checking for a trade on: EUR_USD
2026-04-24 17:50:15 checking for a trade on: EUR_USD
2026-04-24 17:50:19 checking for a trade on: EUR_USD
2026-04-24 17:50:24 checking for a trade on: EUR_USD
2026-04-24 17:50:28 checking for a trade on: EUR_USD
2026-04-24 17:50:33 checking for a trade on: EUR_USD
2026-04-24 17:50:37 checking for a trade on: EUR_USD
2026-04-24 17:50:41 checking for a trade on: EUR_USD
2026-04-24 17:50:46 checking for a trade on: EUR_USD
2026-04-24 17:50:50 checking for a trade on: EUR_USD
2026-04-24 17:50:54 checking for a trade on: EUR_USD
2026-04-24 17:50:58 checking for a trade on: EUR_USD
2026-04-24 17:51:02 checking for a trade on: EUR_USD
2026-04-24 17:51:07 checking for a trade on: EUR_USD
2026-04-24 17:51:11 checking for a trade on: EUR_USD
2026-04-24 17:51:15 checking for a trade on: EUR_USD
2026-04-24 17:51:19 checking for a trade on: EUR_USD
2026-04-24 17:51:24 checking for a trade on: EUR_USD
2026-04-24 17:51:28 checking for a trade on: EUR_USD
2026-04-24 17:51:32 checking for a trade on: EUR_USD
2026-04-24 17:51:37 checking for a trade on: EUR_USD
2026-04-24 17:51:41 checking for a trade on: EUR_USD
2026-04-24 17:51:45 checking for a trade on: EUR_USD
2026-04-24 17:51:49 checking for a trade on: EUR_USD
2026-04-24 17:51:53 checking for a trade on: EUR_USD
2026-04-24 17:51:58 checking for a trade on: EUR_USD
2026-04-24 17:52:02 checking for a trade on: EUR_USD
2026-04-24 17:52:06 checking for a trade on: EUR_USD
2026-04-24 17:52:10 checking for a trade on: EUR_USD
2026-04-24 17:52:14 checking for a trade on: EUR_USD
2026-04-24 17:52:19 checking for a trade on: EUR_USD
2026-04-24 17:52:23 checking for a trade on: EUR_USD
2026-04-24 17:52:27 checking for a trade on: EUR_USD
2026-04-24 17:52:31 checking for a trade on: EUR_USD
2026-04-24 17:52:35 checking for a trade on: EUR_USD
2026-04-24 17:52:40 checking for a trade on: EUR_USD
2026-04-24 17:52:44 checking for a trade on: EUR_USD
2026-04-24 17:52:48 checking for a trade on: EUR_USD
2026-04-24 17:52:52 checking for a trade on: EUR_USD
2026-04-24 17:52:57 checking for a trade on: EUR_USD
2026-04-24 17:53:01 checking for a trade on: EUR_USD
2026-04-24 17:53:05 checking for a trade on: EUR_USD
2026-04-24 17:53:09 checking for a trade on: EUR_USD
2026-04-24 17:53:13 checking for a trade on: EUR_USD
2026-04-24 17:53:17 checking for a trade on: EUR_USD
2026-04-24 17:53:21 checking for a trade on: EUR_USD
2026-04-24 17:53:25 checking for a trade on: EUR_USD
2026-04-24 17:53:29 checking for a trade on: EUR_USD
2026-04-24 17:53:32 checking for a trade on: EUR_USD
2026-04-24 17:53:36 checking for a trade on: EUR_USD
2026-04-24 17:53:40 checking for a trade on: EUR_USD
2026-04-24 17:53:44 checking for a trade on: EUR_USD
2026-04-24 17:53:48 checking for a trade on: EUR_USD
2026-04-24 17:53:52 checking for a trade on: EUR_USD
2026-04-24 17:53:56 checking for a trade on: EUR_USD
2026-04-24 17:54:00 checking for a trade on: EUR_USD
2026-04-24 17:54:04 checking for a trade on: EUR_USD
2026-04-24 17:54:08 checking for a trade on: EUR_USD
2026-04-24 17:54:12 checking for a trade on: EUR_USD
2026-04-24 17:54:16 checking for a trade on: EUR_USD
2026-04-24 17:54:20 checking for a trade on: EUR_USD
2026-04-24 17:54:24 checking for a trade on: EUR_USD
2026-04-24 17:54:28 checking for a trade on: EUR_USD
2026-04-24 17:54:32 checking for a trade on: EUR_USD
2026-04-24 17:54:36 checking for a trade on: EUR_USD
2026-04-24 17:54:40 checking for a trade on: EUR_USD
2026-04-24 17:54:44 checking for a trade on: EUR_USD
2026-04-24 17:54:48 checking for a trade on: EUR_USD
2026-04-24 17:54:52 checking for a trade on: EUR_USD
2026-04-24 17:54:56 checking for a trade on: EUR_USD
2026-04-24 17:55:00 checking for a trade on: EUR_USD
2026-04-24 17:55:03 checking for a trade on: EUR_USD
2026-04-24 17:55:07 checking for a trade on: EUR_USD
2026-04-24 17:55:11 checking for a trade on: EUR_USD
2026-04-24 17:55:15 checking for a trade on: EUR_USD
2026-04-24 17:55:19 checking for a trade on: EUR_USD
2026-04-24 17:55:23 checking for a trade on: EUR_USD
2026-04-24 17:55:27 checking for a trade on: EUR_USD
2026-04-24 17:55:31 checking for a trade on: EUR_USD
2026-04-24 17:55:35 checking for a trade on: EUR_USD
2026-04-24 17:55:39 checking for a trade on: EUR_USD
2026-04-24 17:55:43 checking for a trade on: EUR_USD
2026-04-24 17:55:47 checking for a trade on: EUR_USD
2026-04-24 17:55:51 checking for a trade on: EUR_USD
2026-04-24 17:55:54 checking for a trade on: EUR_USD
2026-04-24 17:55:58 checking for a trade on: EUR_USD
2026-04-24 17:56:02 checking for a trade on: EUR_USD
2026-04-24 17:56:06 checking for a trade on: EUR_USD
2026-04-24 17:56:10 checking for a trade on: EUR_USD
2026-04-24 17:56:14 checking for a trade on: EUR_USD
2026-04-24 17:56:18 checking for a trade on: EUR_USD
2026-04-24 17:56:22 checking for a trade on: EUR_USD
2026-04-24 17:56:26 checking for a trade on: EUR_USD
2026-04-24 17:56:30 checking for a trade on: EUR_USD
2026-04-24 17:56:34 checking for a trade on: EUR_USD
2026-04-24 17:56:38 checking for a trade on: EUR_USD
2026-04-24 17:56:42 checking for a trade on: EUR_USD
2026-04-24 17:56:46 checking for a trade on: EUR_USD
2026-04-24 17:56:50 checking for a trade on: EUR_USD
2026-04-24 17:56:54 checking for a trade on: EUR_USD
2026-04-24 17:56:58 checking for a trade on: EUR_USD
2026-04-24 17:57:02 checking for a trade on: EUR_USD
2026-04-24 17:57:06 checking for a trade on: EUR_USD
2026-04-24 17:57:10 checking for a trade on: EUR_USD
2026-04-24 17:57:14 checking for a trade on: EUR_USD
2026-04-24 17:57:18 checking for a trade on: EUR_USD
2026-04-24 17:57:22 checking for a trade on: EUR_USD
2026-04-24 17:57:26 checking for a trade on: EUR_USD
2026-04-24 17:57:30 checking for a trade on: EUR_USD
2026-04-24 17:57:34 checking for a trade on: EUR_USD
2026-04-24 17:57:38 checking for a trade on: EUR_USD
2026-04-24 17:57:42 checking for a trade on: EUR_USD
2026-04-24 17:57:46 checking for a trade on: EUR_USD
2026-04-24 17:57:50 checking for a trade on: EUR_USD
2026-04-24 17:57:54 checking for a trade on: EUR_USD
2026-04-24 17:57:58 checking for a trade on: EUR_USD
2026-04-24 17:58:02 checking for a trade on: EUR_USD
2026-04-24 17:58:06 checking for a trade on: EUR_USD
2026-04-24 17:58:10 checking for a trade on: EUR_USD
2026-04-24 17:58:13 checking for a trade on: EUR_USD
2026-04-24 17:58:17 checking for a trade on: EUR_USD
2026-04-24 17:58:21 checking for a trade on: EUR_USD
2026-04-24 17:58:25 checking for a trade on: EUR_USD
2026-04-24 17:58:29 checking for a trade on: EUR_USD
2026-04-24 17:58:33 checking for a trade on: EUR_USD
2026-04-24 17:58:37 checking for a trade on: EUR_USD
2026-04-24 17:58:41 checking for a trade on: EUR_USD
2026-04-24 17:58:45 checking for a trade on: EUR_USD
2026-04-24 17:58:49 checking for a trade on: EUR_USD
2026-04-24 17:58:53 checking for a trade on: EUR_USD
2026-04-24 17:58:57 checking for a trade on: EUR_USD
2026-04-24 17:59:00 checking for a trade on: EUR_USD
2026-04-24 17:59:04 checking for a trade on: EUR_USD
2026-04-24 17:59:08 checking for a trade on: EUR_USD
2026-04-24 17:59:12 checking for a trade on: EUR_USD
2026-04-24 17:59:16 checking for a trade on: EUR_USD
2026-04-24 17:59:20 checking for a trade on: EUR_USD
2026-04-24 17:59:24 checking for a trade on: EUR_USD
2026-04-24 17:59:28 checking for a trade on: EUR_USD
2026-04-24 17:59:32 checking for a trade on: EUR_USD
2026-04-24 17:59:36 checking for a trade on: EUR_USD
2026-04-24 17:59:40 checking for a trade on: EUR_USD
2026-04-24 17:59:44 checking for a trade on: EUR_USD
2026-04-24 17:59:48 checking for a trade on: EUR_USD
2026-04-24 17:59:51 checking for a trade on: EUR_USD
2026-04-24 17:59:56 checking for a trade on: EUR_USD
2026-04-24 18:00:00 checking for a trade on: EUR_USD
2026-04-24 18:00:03 checking for a trade on: EUR_USD
2026-04-24 18:00:07 checking for a trade on: EUR_USD
2026-04-24 18:00:11 checking for a trade on: EUR_USD
2026-04-24 18:00:15 checking for a trade on: EUR_USD
2026-04-24 18:00:19 checking for a trade on: EUR_USD
2026-04-24 18:00:23 checking for a trade on: EUR_USD
2026-04-24 18:00:27 checking for a trade on: EUR_USD
2026-04-24 18:00:32 checking for a trade on: EUR_USD
2026-04-24 18:00:36 checking for a trade on: EUR_USD
2026-04-24 18:00:40 checking for a trade on: EUR_USD
2026-04-24 18:00:44 checking for a trade on: EUR_USD
2026-04-24 18:00:48 checking for a trade on: EUR_USD
2026-04-24 18:00:52 checking for a trade on: EUR_USD
2026-04-24 18:00:56 checking for a trade on: EUR_USD
2026-04-24 18:00:59 checking for a trade on: EUR_USD
2026-04-24 18:01:04 checking for a trade on: EUR_USD
2026-04-24 18:01:08 checking for a trade on: EUR_USD
2026-04-24 18:01:12 checking for a trade on: EUR_USD
2026-04-24 18:01:16 checking for a trade on: EUR_USD
2026-04-24 18:01:20 checking for a trade on: EUR_USD
2026-04-24 18:01:24 checking for a trade on: EUR_USD
2026-04-24 18:01:28 checking for a trade on: EUR_USD
2026-04-24 18:01:32 checking for a trade on: EUR_USD
2026-04-24 18:01:36 checking for a trade on: EUR_USD
2026-04-24 18:01:39 checking for a trade on: EUR_USD
2026-04-24 18:01:44 checking for a trade on: EUR_USD
2026-04-24 18:01:48 checking for a trade on: EUR_USD
2026-04-24 18:01:52 checking for a trade on: EUR_USD
2026-04-24 18:01:58 checking for a trade on: EUR_USD
2026-04-24 18:02:02 checking for a trade on: EUR_USD
2026-04-24 18:02:07 checking for a trade on: EUR_USD
2026-04-24 18:02:11 checking for a trade on: EUR_USD
2026-04-24 18:02:15 checking for a trade on: EUR_USD
2026-04-24 18:02:19 checking for a trade on: EUR_USD
2026-04-24 18:02:23 checking for a trade on: EUR_USD
2026-04-24 18:02:27 checking for a trade on: EUR_USD
2026-04-24 18:02:30 checking for a trade on: EUR_USD
2026-04-24 18:02:35 checking for a trade on: EUR_USD
2026-04-24 18:02:38 checking for a trade on: EUR_USD
2026-04-24 18:02:42 checking for a trade on: EUR_USD
2026-04-24 18:02:46 checking for a trade on: EUR_USD
2026-04-24 18:02:50 checking for a trade on: EUR_USD
2026-04-24 18:02:54 checking for a trade on: EUR_USD
2026-04-24 18:02:58 checking for a trade on: EUR_USD
2026-04-24 18:03:02 checking for a trade on: EUR_USD
2026-04-24 18:03:06 checking for a trade on: EUR_USD
2026-04-24 18:03:10 checking for a trade on: EUR_USD
2026-04-24 18:03:13 checking for a trade on: EUR_USD
2026-04-24 18:03:18 checking for a trade on: EUR_USD
2026-04-24 18:03:22 checking for a trade on: EUR_USD
2026-04-24 18:03:26 checking for a trade on: EUR_USD
2026-04-24 18:03:30 checking for a trade on: EUR_USD
2026-04-24 18:03:34 checking for a trade on: EUR_USD
2026-04-24 18:03:38 checking for a trade on: EUR_USD
2026-04-24 18:03:42 checking for a trade on: EUR_USD
2026-04-24 18:03:46 checking for a trade on: EUR_USD
2026-04-24 18:03:50 checking for a trade on: EUR_USD
2026-04-24 18:03:54 checking for a trade on: EUR_USD
2026-04-24 18:03:57 checking for a trade on: EUR_USD
2026-04-24 18:04:01 checking for a trade on: EUR_USD
2026-04-24 18:04:05 checking for a trade on: EUR_USD
2026-04-24 18:04:09 checking for a trade on: EUR_USD
2026-04-24 18:04:13 checking for a trade on: EUR_USD
2026-04-24 18:04:17 checking for a trade on: EUR_USD
2026-04-24 18:04:21 checking for a trade on: EUR_USD
2026-04-24 18:04:25 checking for a trade on: EUR_USD
2026-04-24 18:04:29 checking for a trade on: EUR_USD
2026-04-24 18:04:33 checking for a trade on: EUR_USD
2026-04-24 18:04:37 checking for a trade on: EUR_USD
2026-04-24 18:04:41 checking for a trade on: EUR_USD
2026-04-24 18:04:44 checking for a trade on: EUR_USD
2026-04-24 18:04:48 checking for a trade on: EUR_USD
2026-04-24 18:04:52 checking for a trade on: EUR_USD
2026-04-24 18:04:56 checking for a trade on: EUR_USD
2026-04-24 18:05:00 checking for a trade on: EUR_USD
2026-04-24 18:05:04 checking for a trade on: EUR_USD
2026-04-24 18:05:08 checking for a trade on: EUR_USD
2026-04-24 18:05:12 checking for a trade on: EUR_USD
2026-04-24 18:05:16 checking for a trade on: EUR_USD
2026-04-24 18:05:20 checking for a trade on: EUR_USD
2026-04-24 18:05:23 checking for a trade on: EUR_USD
2026-04-24 18:05:27 checking for a trade on: EUR_USD
2026-04-24 18:05:31 checking for a trade on: EUR_USD
2026-04-24 18:05:35 checking for a trade on: EUR_USD
2026-04-24 18:05:39 checking for a trade on: EUR_USD
2026-04-24 18:05:43 checking for a trade on: EUR_USD
2026-04-24 18:05:47 checking for a trade on: EUR_USD
2026-04-24 18:05:51 checking for a trade on: EUR_USD
2026-04-24 18:05:55 checking for a trade on: EUR_USD
2026-04-24 18:05:59 checking for a trade on: EUR_USD
2026-04-24 18:06:04 checking for a trade on: EUR_USD
2026-04-24 18:06:08 checking for a trade on: EUR_USD
2026-04-24 18:06:12 checking for a trade on: EUR_USD
2026-04-24 18:06:23 checking for a trade on: EUR_USD
2026-04-24 18:06:27 checking for a trade on: EUR_USD
2026-04-24 18:06:31 checking for a trade on: EUR_USD
2026-04-24 18:06:35 checking for a trade on: EUR_USD
2026-04-24 18:06:39 checking for a trade on: EUR_USD
2026-04-24 18:06:43 checking for a trade on: EUR_USD
2026-04-24 18:06:47 checking for a trade on: EUR_USD
2026-04-24 18:06:51 checking for a trade on: EUR_USD
2026-04-24 18:06:55 checking for a trade on: EUR_USD
2026-04-24 18:06:59 checking for a trade on: EUR_USD
2026-04-24 18:07:03 checking for a trade on: EUR_USD
2026-04-24 18:07:07 checking for a trade on: EUR_USD
2026-04-24 18:07:11 checking for a trade on: EUR_USD
2026-04-24 18:07:15 checking for a trade on: EUR_USD
2026-04-24 18:07:19 checking for a trade on: EUR_USD
2026-04-24 18:07:23 checking for a trade on: EUR_USD
2026-04-24 18:07:27 checking for a trade on: EUR_USD
2026-04-24 18:07:31 checking for a trade on: EUR_USD
2026-04-24 18:07:35 checking for a trade on: EUR_USD
2026-04-24 18:07:39 checking for a trade on: EUR_USD
2026-04-24 18:07:43 checking for a trade on: EUR_USD
2026-04-24 18:07:46 checking for a trade on: EUR_USD
2026-04-24 18:07:50 checking for a trade on: EUR_USD
2026-04-24 18:07:54 checking for a trade on: EUR_USD
2026-04-24 18:07:58 checking for a trade on: EUR_USD
2026-04-24 18:08:02 checking for a trade on: EUR_USD
2026-04-24 18:08:06 checking for a trade on: EUR_USD
2026-04-24 18:08:10 checking for a trade on: EUR_USD
2026-04-24 18:08:14 checking for a trade on: EUR_USD
2026-04-24 18:08:18 checking for a trade on: EUR_USD
2026-04-24 18:08:22 checking for a trade on: EUR_USD
2026-04-24 18:08:26 checking for a trade on: EUR_USD
2026-04-24 18:08:30 checking for a trade on: EUR_USD
2026-04-24 18:08:34 checking for a trade on: EUR_USD
2026-04-24 18:08:38 checking for a trade on: EUR_USD
2026-04-24 18:08:42 checking for a trade on: EUR_USD
2026-04-24 18:08:46 checking for a trade on: EUR_USD
2026-04-24 18:08:50 checking for a trade on: EUR_USD
2026-04-24 18:08:54 checking for a trade on: EUR_USD
2026-04-24 18:08:57 checking for a trade on: EUR_USD
2026-04-24 18:09:01 checking for a trade on: EUR_USD
2026-04-24 18:09:05 checking for a trade on: EUR_USD
2026-04-24 18:09:09 checking for a trade on: EUR_USD
2026-04-24 18:09:13 checking for a trade on: EUR_USD
2026-04-24 18:09:17 checking for a trade on: EUR_USD
2026-04-24 18:09:21 checking for a trade on: EUR_USD
2026-04-24 18:09:25 checking for a trade on: EUR_USD
2026-04-24 18:09:29 checking for a trade on: EUR_USD
2026-04-24 18:09:33 checking for a trade on: EUR_USD
2026-04-24 18:09:37 checking for a trade on: EUR_USD
2026-04-24 18:09:41 checking for a trade on: EUR_USD
2026-04-24 18:09:45 checking for a trade on: EUR_USD
2026-04-24 18:09:49 checking for a trade on: EUR_USD
2026-04-24 18:09:53 checking for a trade on: EUR_USD
2026-04-24 18:09:58 checking for a trade on: EUR_USD
2026-04-24 18:10:01 checking for a trade on: EUR_USD
2026-04-24 18:10:06 checking for a trade on: EUR_USD
2026-04-24 18:10:10 checking for a trade on: EUR_USD
2026-04-24 18:10:14 checking for a trade on: EUR_USD
2026-04-24 18:10:18 checking for a trade on: EUR_USD
2026-04-24 18:10:22 checking for a trade on: EUR_USD
2026-04-24 18:10:27 checking for a trade on: EUR_USD
2026-04-24 18:08:10 checking for a trade on: EUR_USD
2026-04-24 18:08:14 checking for a trade on: EUR_USD
2026-04-24 18:08:18 checking for a trade on: EUR_USD
2026-04-24 18:08:22 checking for a trade on: EUR_USD
2026-04-24 18:08:26 checking for a trade on: EUR_USD
2026-04-24 18:08:30 checking for a trade on: EUR_USD
2026-04-24 18:08:34 checking for a trade on: EUR_USD
2026-04-24 18:08:38 checking for a trade on: EUR_USD
2026-04-24 18:08:42 checking for a trade on: EUR_USD
2026-04-24 18:08:46 checking for a trade on: EUR_USD
2026-04-24 18:08:50 checking for a trade on: EUR_USD
2026-04-24 18:08:54 checking for a trade on: EUR_USD
2026-04-24 18:08:57 checking for a trade on: EUR_USD
2026-04-24 18:09:01 checking for a trade on: EUR_USD
2026-04-24 18:09:05 checking for a trade on: EUR_USD
2026-04-24 18:09:09 checking for a trade on: EUR_USD
2026-04-24 18:09:13 checking for a trade on: EUR_USD
2026-04-24 18:09:17 checking for a trade on: EUR_USD
2026-04-24 18:09:21 checking for a trade on: EUR_USD
2026-04-24 18:09:25 checking for a trade on: EUR_USD
2026-04-24 18:09:29 checking for a trade on: EUR_USD
2026-04-24 18:09:33 checking for a trade on: EUR_USD
2026-04-24 18:09:37 checking for a trade on: EUR_USD
2026-04-24 18:09:41 checking for a trade on: EUR_USD
2026-04-24 18:09:45 checking for a trade on: EUR_USD
2026-04-24 18:09:49 checking for a trade on: EUR_USD
2026-04-24 18:09:53 checking for a trade on: EUR_USD
2026-04-24 18:09:58 checking for a trade on: EUR_USD
2026-04-24 18:10:01 checking for a trade on: EUR_USD
2026-04-24 18:10:06 checking for a trade on: EUR_USD
2026-04-24 18:10:10 checking for a trade on: EUR_USD
2026-04-24 18:10:14 checking for a trade on: EUR_USD
2026-04-24 18:10:18 checking for a trade on: EUR_USD
2026-04-24 18:10:22 checking for a trade on: EUR_USD
2026-04-24 18:10:27 checking for a trade on: EUR_USD
2026-04-24 18:08:10 checking for a trade on: EUR_USD
2026-04-24 18:08:14 checking for a trade on: EUR_USD
2026-04-24 18:08:18 checking for a trade on: EUR_USD
2026-04-24 18:08:22 checking for a trade on: EUR_USD
2026-04-24 18:08:26 checking for a trade on: EUR_USD
2026-04-24 18:08:30 checking for a trade on: EUR_USD
2026-04-24 18:08:34 checking for a trade on: EUR_USD
2026-04-24 18:08:38 checking for a trade on: EUR_USD
2026-04-24 18:08:42 checking for a trade on: EUR_USD
2026-04-24 18:08:46 checking for a trade on: EUR_USD
2026-04-24 18:08:50 checking for a trade on: EUR_USD
2026-04-24 18:08:54 checking for a trade on: EUR_USD
2026-04-24 18:08:57 checking for a trade on: EUR_USD
2026-04-24 18:09:01 checking for a trade on: EUR_USD
2026-04-24 18:09:05 checking for a trade on: EUR_USD
2026-04-24 18:09:09 checking for a trade on: EUR_USD
2026-04-24 18:09:13 checking for a trade on: EUR_USD
2026-04-24 18:09:17 checking for a trade on: EUR_USD
2026-04-24 18:09:21 checking for a trade on: EUR_USD
2026-04-24 18:09:25 checking for a trade on: EUR_USD
2026-04-24 18:09:29 checking for a trade on: EUR_USD
2026-04-24 18:09:33 checking for a trade on: EUR_USD
2026-04-24 18:09:37 checking for a trade on: EUR_USD
2026-04-24 18:09:41 checking for a trade on: EUR_USD
2026-04-24 18:09:45 checking for a trade on: EUR_USD
2026-04-24 18:09:49 checking for a trade on: EUR_USD
2026-04-24 18:09:53 checking for a trade on: EUR_USD
2026-04-24 18:09:58 checking for a trade on: EUR_USD
2026-04-24 18:10:01 checking for a trade on: EUR_USD
2026-04-24 18:10:06 checking for a trade on: EUR_USD
2026-04-24 18:10:10 checking for a trade on: EUR_USD
2026-04-24 18:10:14 checking for a trade on: EUR_USD
2026-04-24 18:10:18 checking for a trade on: EUR_USD
2026-04-24 18:10:22 checking for a trade on: EUR_USD
2026-04-24 18:10:27 checking for a trade on: EUR_USD
